Archive member included because of file (symbol)

/home/pgp/src/Firmware/build_px4fmu-v2_default/px4io-v2/NuttX/nuttx-export/libs/libnuttx.a(sched-irq_attach.o)
                              CMakeFiles/px4io-v2.dir/__/__/drivers/stm32/drv_hrt.c.obj (irq_attach)
/home/pgp/src/Firmware/build_px4fmu-v2_default/px4io-v2/NuttX/nuttx-export/libs/libnuttx.a(sched-irq_initialize.o)
                              /home/pgp/src/Firmware/build_px4fmu-v2_default/px4io-v2/NuttX/nuttx-export/libs/libnuttx.a(sched-irq_attach.o) (g_irqvector)
/home/pgp/src/Firmware/build_px4fmu-v2_default/px4io-v2/NuttX/nuttx-export/libs/libnuttx.a(sched-irq_unexpectedisr.o)
                              /home/pgp/src/Firmware/build_px4fmu-v2_default/px4io-v2/NuttX/nuttx-export/libs/libnuttx.a(sched-irq_attach.o) (irq_unexpected_isr)
/home/pgp/src/Firmware/build_px4fmu-v2_default/px4io-v2/NuttX/nuttx-export/libs/libnuttx.a(c-lib_abort.o)
                              (abort)
/home/pgp/src/Firmware/build_px4fmu-v2_default/px4io-v2/NuttX/nuttx-export/libs/libnuttx.a(c-lib_cfsetspeed.o)
                              CMakeFiles/px4io-v2.dir/__/__/lib/rc/sbus.c.obj (cfsetspeed)
/home/pgp/src/Firmware/build_px4fmu-v2_default/px4io-v2/NuttX/nuttx-export/libs/libnuttx.a(c-lib_crc32.o)
                              CMakeFiles/px4io-v2.dir/px4io.c.obj (crc32part)
/home/pgp/src/Firmware/build_px4fmu-v2_default/px4io-v2/NuttX/nuttx-export/libs/libnuttx.a(c-lib_dprintf.o)
                              CMakeFiles/px4io-v2.dir/__/systemlib/perf_counter.c.obj (dprintf)
/home/pgp/src/Firmware/build_px4fmu-v2_default/px4io-v2/NuttX/nuttx-export/libs/libnuttx.a(c-lib_lowsyslog.o)
                              CMakeFiles/px4io-v2.dir/px4io.c.obj (lowsyslog)
/home/pgp/src/Firmware/build_px4fmu-v2_default/px4io-v2/NuttX/nuttx-export/libs/libnuttx.a(c-lib_memchr.o)
                              CMakeFiles/px4io-v2.dir/__/systemlib/mixer/mixer.cpp.obj (memchr)
/home/pgp/src/Firmware/build_px4fmu-v2_default/px4io-v2/NuttX/nuttx-export/libs/libnuttx.a(c-lib_memcpy.o)
                              CMakeFiles/px4io-v2.dir/mixer.cpp.obj (memcpy)
/home/pgp/src/Firmware/build_px4fmu-v2_default/px4io-v2/NuttX/nuttx-export/libs/libnuttx.a(c-lib_memset.o)
                              CMakeFiles/px4io-v2.dir/registers.c.obj (memset)
/home/pgp/src/Firmware/build_px4fmu-v2_default/px4io-v2/NuttX/nuttx-export/libs/libnuttx.a(c-lib_printf.o)
                              CMakeFiles/px4io-v2.dir/__/systemlib/perf_counter.c.obj (printf)
/home/pgp/src/Firmware/build_px4fmu-v2_default/px4io-v2/NuttX/nuttx-export/libs/libnuttx.a(c-lib_sscanf.o)
                              CMakeFiles/px4io-v2.dir/__/systemlib/mixer/mixer_multirotor.cpp.obj (sscanf)
/home/pgp/src/Firmware/build_px4fmu-v2_default/px4io-v2/NuttX/nuttx-export/libs/libnuttx.a(c-lib_strchr.o)
                              /home/pgp/src/Firmware/build_px4fmu-v2_default/px4io-v2/NuttX/nuttx-export/libs/libnuttx.a(c-lib_sscanf.o) (strchr)
/home/pgp/src/Firmware/build_px4fmu-v2_default/px4io-v2/NuttX/nuttx-export/libs/libnuttx.a(c-lib_strcmp.o)
                              CMakeFiles/px4io-v2.dir/__/systemlib/perf_counter.c.obj (strcmp)
/home/pgp/src/Firmware/build_px4fmu-v2_default/px4io-v2/NuttX/nuttx-export/libs/libnuttx.a(c-lib_strcspn.o)
                              /home/pgp/src/Firmware/build_px4fmu-v2_default/px4io-v2/NuttX/nuttx-export/libs/libnuttx.a(c-lib_sscanf.o) (strcspn)
/home/pgp/src/Firmware/build_px4fmu-v2_default/px4io-v2/NuttX/nuttx-export/libs/libnuttx.a(c-lib_strncpy.o)
                              /home/pgp/src/Firmware/build_px4fmu-v2_default/px4io-v2/NuttX/nuttx-export/libs/libnuttx.a(c-lib_sscanf.o) (strncpy)
/home/pgp/src/Firmware/build_px4fmu-v2_default/px4io-v2/NuttX/nuttx-export/libs/libnuttx.a(c-lib_strtol.o)
                              /home/pgp/src/Firmware/build_px4fmu-v2_default/px4io-v2/NuttX/nuttx-export/libs/libnuttx.a(c-lib_sscanf.o) (strtol)
/home/pgp/src/Firmware/build_px4fmu-v2_default/px4io-v2/NuttX/nuttx-export/libs/libnuttx.a(c-lib_strtoul.o)
                              /home/pgp/src/Firmware/build_px4fmu-v2_default/px4io-v2/NuttX/nuttx-export/libs/libnuttx.a(c-lib_strtol.o) (strtoul)
/home/pgp/src/Firmware/build_px4fmu-v2_default/px4io-v2/NuttX/nuttx-export/libs/libnuttx.a(c-lib_syslog.o)
                              /home/pgp/src/Firmware/build_px4fmu-v2_default/px4io-v2/NuttX/nuttx-export/libs/libnuttx.a(c-lib_printf.o) (vsyslog)
/home/pgp/src/Firmware/build_px4fmu-v2_default/px4io-v2/NuttX/nuttx-export/libs/libnuttx.a(c-lib_tcgetattr.o)
                              CMakeFiles/px4io-v2.dir/__/__/lib/rc/sbus.c.obj (tcgetattr)
/home/pgp/src/Firmware/build_px4fmu-v2_default/px4io-v2/NuttX/nuttx-export/libs/libnuttx.a(c-lib_tcsetattr.o)
                              CMakeFiles/px4io-v2.dir/__/__/lib/rc/sbus.c.obj (tcsetattr)
/home/pgp/src/Firmware/build_px4fmu-v2_default/px4io-v2/NuttX/nuttx-export/libs/libnuttx.a(c-lib_vdprintf.o)
[...]
Memory Configuration

Name             Origin             Length             Attributes
flash            0x08001000         0x0000f000         xr
sram             0x20000000         0x00002000         xrw
*default*        0x00000000         0xffffffff

Linker script and memory map

LOAD CMakeFiles/px4io-v2.dir/adc.c.obj
LOAD CMakeFiles/px4io-v2.dir/controls.c.obj
LOAD CMakeFiles/px4io-v2.dir/px4io.c.obj
LOAD CMakeFiles/px4io-v2.dir/registers.c.obj
LOAD CMakeFiles/px4io-v2.dir/safety.c.obj
LOAD CMakeFiles/px4io-v2.dir/__/systemlib/up_cxxinitialize.c.obj
LOAD CMakeFiles/px4io-v2.dir/__/systemlib/perf_counter.c.obj
LOAD CMakeFiles/px4io-v2.dir/mixer.cpp.obj
LOAD CMakeFiles/px4io-v2.dir/__/systemlib/mixer/mixer.cpp.obj
LOAD CMakeFiles/px4io-v2.dir/__/systemlib/mixer/mixer_group.cpp.obj
LOAD CMakeFiles/px4io-v2.dir/__/systemlib/mixer/mixer_multirotor.cpp.obj
LOAD CMakeFiles/px4io-v2.dir/__/systemlib/mixer/mixer_simple.cpp.obj
LOAD CMakeFiles/px4io-v2.dir/__/systemlib/pwm_limit/pwm_limit.c.obj
LOAD CMakeFiles/px4io-v2.dir/__/__/lib/rc/st24.c.obj
LOAD CMakeFiles/px4io-v2.dir/__/__/lib/rc/sumd.c.obj
LOAD CMakeFiles/px4io-v2.dir/__/__/lib/rc/sbus.c.obj
LOAD CMakeFiles/px4io-v2.dir/__/__/lib/rc/dsm.c.obj
LOAD CMakeFiles/px4io-v2.dir/__/__/drivers/stm32/drv_hrt.c.obj
LOAD CMakeFiles/px4io-v2.dir/__/__/drivers/stm32/drv_io_timer.c.obj
LOAD CMakeFiles/px4io-v2.dir/__/__/drivers/stm32/drv_pwm_servo.c.obj
LOAD CMakeFiles/px4io-v2.dir/__/__/drivers/boards/px4io-v2/px4io_init.c.obj
LOAD CMakeFiles/px4io-v2.dir/__/__/drivers/boards/px4io-v2/px4io_timer_config.c.obj
LOAD CMakeFiles/px4io-v2.dir/serial.c.obj
LOAD CMakeFiles/px4io-v2.dir/__/systemlib/hx_stream.c.obj
START GROUP
LOAD /home/pgp/src/Firmware/build_px4fmu-v2_default/px4io-v2/NuttX/nuttx-export/libs/libapps.a
LOAD /home/pgp/src/Firmware/build_px4fmu-v2_default/px4io-v2/NuttX/nuttx-export/libs/libnuttx.a
LOAD /opt/gcc-arm-none-eabi-4_8-2014q3/bin/../lib/gcc/arm-none-eabi/4.8.4/../../../../arm-none-eabi/lib/armv7-m/libnosys.a
LOAD /opt/gcc-arm-none-eabi-4_8-2014q3/bin/../lib/gcc/arm-none-eabi/4.8.4/../../../../arm-none-eabi/lib/armv7-m/libm.a
LOAD /opt/gcc-arm-none-eabi-4_8-2014q3/bin/../lib/gcc/arm-none-eabi/4.8.4/armv7-m/libgcc.a
END GROUP

.text           0x08001000     0xb148
                0x08001000                _stext = ABSOLUTE (.)
 *(.vectors)
 .vectors       0x08001000      0x134 /home/pgp/src/Firmware/build_px4fmu-v2_default/px4io-v2/NuttX/nuttx-export/libs/libnuttx.a(arch-up_vectors.o)
                0x08001000                _vectors
 *(.text .text.*)
 .text.adc_init
                0x08001134       0x98 CMakeFiles/px4io-v2.dir/adc.c.obj
                0x08001134                adc_init
 .text.adc_measure
                0x080011cc       0x80 CMakeFiles/px4io-v2.dir/adc.c.obj
                0x080011cc                adc_measure
 .text.controls_init
                0x0800124c       0x90 CMakeFiles/px4io-v2.dir/controls.c.obj
                0x0800124c                controls_init
 .text.controls_tick
                0x080012dc      0x714 CMakeFiles/px4io-v2.dir/controls.c.obj
                0x080012dc                controls_tick
 .text.isr_debug
                0x080019f0       0x60 CMakeFiles/px4io-v2.dir/px4io.c.obj
                0x080019f0                isr_debug
 .text.schedule_reboot
                0x08001a50       0x1c CMakeFiles/px4io-v2.dir/px4io.c.obj
                0x08001a50                schedule_reboot
 .text.user_start
                0x08001a6c      0x34c CMakeFiles/px4io-v2.dir/px4io.c.obj
                0x08001a6c                user_start
 .text.pwm_configure_rates
                0x08001db8       0x94 CMakeFiles/px4io-v2.dir/registers.c.obj
 .text.registers_set
                0x08001e4c      0x638 CMakeFiles/px4io-v2.dir/registers.c.obj
                0x08001e4c                registers_set
 .text.registers_get
                0x08002484      0x288 CMakeFiles/px4io-v2.dir/registers.c.obj
                0x08002484                registers_get
 .text.safety_check_button
                0x0800270c       0xe8 CMakeFiles/px4io-v2.dir/safety.c.obj
 .text.failsafe_blink
                0x080027f4       0x44 CMakeFiles/px4io-v2.dir/safety.c.obj
 .text.safety_init
                0x08002838       0x34 CMakeFiles/px4io-v2.dir/safety.c.obj
                0x08002838                safety_init
 .text.failsafe_led_init
                0x0800286c       0x34 CMakeFiles/px4io-v2.dir/safety.c.obj
                0x0800286c                failsafe_led_init
 .text.up_cxxinitialize
                0x080028a0       0x38 CMakeFiles/px4io-v2.dir/__/systemlib/up_cxxinitialize.c.obj
                0x080028a0                up_cxxinitialize
 .text.perf_count
                0x080028d8      0x100 CMakeFiles/px4io-v2.dir/__/systemlib/perf_counter.c.obj
                0x080028d8                perf_count
 .text.perf_begin
                0x080029d8       0x18 CMakeFiles/px4io-v2.dir/__/systemlib/perf_counter.c.obj
                0x080029d8                perf_begin
 .text.perf_end
                0x080029f0       0xec CMakeFiles/px4io-v2.dir/__/systemlib/perf_counter.c.obj
                0x080029f0                perf_end
 .text._ZL14mixer_callbackjhhRf
                0x08002adc      0x168 CMakeFiles/px4io-v2.dir/mixer.cpp.obj
 .text.mixer_handle_text
                0x08002c44      0x114 CMakeFiles/px4io-v2.dir/mixer.cpp.obj
                0x08002c44                mixer_handle_text
 .text.startup._GLOBAL__sub_I_mixer_tick
                0x08002d58       0x2c CMakeFiles/px4io-v2.dir/mixer.cpp.obj
 .text.mixer_tick
                0x08002d84      0x494 CMakeFiles/px4io-v2.dir/mixer.cpp.obj
                0x08002d84                mixer_tick
 .text.mixer_set_failsafe
                0x08003218       0x80 CMakeFiles/px4io-v2.dir/mixer.cpp.obj
                0x08003218                mixer_set_failsafe
 .text._ZN5MixerD2Ev
                0x08003298        0xc CMakeFiles/px4io-v2.dir/__/systemlib/mixer/mixer.cpp.obj
                0x08003298                Mixer::~Mixer()
                0x08003298                Mixer::~Mixer()
 .text._ZN9NullMixerD2Ev
                0x080032a4        0xc CMakeFiles/px4io-v2.dir/__/systemlib/mixer/mixer.cpp.obj
                0x080032a4                NullMixer::~NullMixer()
                0x080032a4                NullMixer::~NullMixer()
 .text._ZN9NullMixer3mixEPfjPt
                0x080032b0       0x10 CMakeFiles/px4io-v2.dir/__/systemlib/mixer/mixer.cpp.obj
                0x080032b0                NullMixer::mix(float*, unsigned int, unsigned short*)
 .text._ZN9NullMixer15groups_requiredERj
                0x080032c0        0x4 CMakeFiles/px4io-v2.dir/__/systemlib/mixer/mixer.cpp.obj
                0x080032c0                NullMixer::groups_required(unsigned int&)
 .text._ZN5MixerD0Ev
                0x080032c4       0x14 CMakeFiles/px4io-v2.dir/__/systemlib/mixer/mixer.cpp.obj
                0x080032c4                Mixer::~Mixer()
 .text._ZN9NullMixerD0Ev
                0x080032d8       0x14 CMakeFiles/px4io-v2.dir/__/systemlib/mixer/mixer.cpp.obj
                0x080032d8                NullMixer::~NullMixer()
 .text._ZN5MixerC2EPFijhhRfEj
                0x080032ec       0x18 CMakeFiles/px4io-v2.dir/__/systemlib/mixer/mixer.cpp.obj
                0x080032ec                Mixer::Mixer(int (*)(unsigned int, unsigned char, unsigned char, float&), unsigned int)
                0x080032ec                Mixer::Mixer(int (*)(unsigned int, unsigned char, unsigned char, float&), unsigned int)
 .text._ZN5Mixer11get_controlEhh
                0x08003304       0x14 CMakeFiles/px4io-v2.dir/__/systemlib/mixer/mixer.cpp.obj
                0x08003304                Mixer::get_control(unsigned char, unsigned char)
 .text._ZN5Mixer5scaleERK14mixer_scaler_sf
                0x08003318       0x54 CMakeFiles/px4io-v2.dir/__/systemlib/mixer/mixer.cpp.obj
                0x08003318                Mixer::scale(mixer_scaler_s const&, float)
 .text._ZN5Mixer7findtagEPKcRjc
                0x0800336c       0x34 CMakeFiles/px4io-v2.dir/__/systemlib/mixer/mixer.cpp.obj
                0x0800336c                Mixer::findtag(char const*, unsigned int&, char)
 .text._ZN5Mixer8skiplineEPKcRj
                0x080033a0       0x30 CMakeFiles/px4io-v2.dir/__/systemlib/mixer/mixer.cpp.obj
                0x080033a0                Mixer::skipline(char const*, unsigned int&)
 .text._ZN9NullMixer9from_textEPKcRj
                0x080033d0       0x60 CMakeFiles/px4io-v2.dir/__/systemlib/mixer/mixer.cpp.obj
                0x080033d0                NullMixer::from_text(char const*, unsigned int&)
 .text._ZN10MixerGroupD2Ev
                0x08003430       0x30 CMakeFiles/px4io-v2.dir/__/systemlib/mixer/mixer_group.cpp.obj
                0x08003430                MixerGroup::~MixerGroup()
                0x08003430                MixerGroup::~MixerGroup()
 .text._ZN10MixerGroup3mixEPfjPt
                0x08003460       0x40 CMakeFiles/px4io-v2.dir/__/systemlib/mixer/mixer_group.cpp.obj
                0x08003460                MixerGroup::mix(float*, unsigned int, unsigned short*)
 .text._ZN10MixerGroup15groups_requiredERj
                0x080034a0       0x1c CMakeFiles/px4io-v2.dir/__/systemlib/mixer/mixer_group.cpp.obj
                0x080034a0                MixerGroup::groups_required(unsigned int&)
 .text._ZN10MixerGroupD0Ev
                0x080034bc       0x34 CMakeFiles/px4io-v2.dir/__/systemlib/mixer/mixer_group.cpp.obj
                0x080034bc                MixerGroup::~MixerGroup()
 .text._ZN10MixerGroupC2EPFijhhRfEj
                0x080034f0       0x18 CMakeFiles/px4io-v2.dir/__/systemlib/mixer/mixer_group.cpp.obj
                0x080034f0                MixerGroup::MixerGroup(int (*)(unsigned int, unsigned char, unsigned char, float&), unsigned int)
                0x080034f0                MixerGroup::MixerGroup(int (*)(unsigned int, unsigned char, unsigned char, float&), unsigned int)
 .text._ZN10MixerGroup5resetEv
                0x08003508       0x1c CMakeFiles/px4io-v2.dir/__/systemlib/mixer/mixer_group.cpp.obj
                0x08003508                MixerGroup::reset()
 .text._ZN10MixerGroup13load_from_bufEPKcRj
                0x08003524       0x8c CMakeFiles/px4io-v2.dir/__/systemlib/mixer/mixer_group.cpp.obj
                0x08003524                MixerGroup::load_from_buf(char const*, unsigned int&)
 .text._ZN15MultirotorMixerD2Ev
                0x080035b0        0xc CMakeFiles/px4io-v2.dir/__/systemlib/mixer/mixer_multirotor.cpp.obj
                0x080035b0                MultirotorMixer::~MultirotorMixer()
                0x080035b0                MultirotorMixer::~MultirotorMixer()
 .text._ZN15MultirotorMixer15groups_requiredERj
                0x080035bc        0xc CMakeFiles/px4io-v2.dir/__/systemlib/mixer/mixer_multirotor.cpp.obj
                0x080035bc                MultirotorMixer::groups_required(unsigned int&)
 .text._ZN15MultirotorMixerD0Ev
                0x080035c8       0x14 CMakeFiles/px4io-v2.dir/__/systemlib/mixer/mixer_multirotor.cpp.obj
                0x080035c8                MultirotorMixer::~MultirotorMixer()
 .text._ZN15MultirotorMixer3mixEPfjPt
                0x080035dc      0x6ac CMakeFiles/px4io-v2.dir/__/systemlib/mixer/mixer_multirotor.cpp.obj
                0x080035dc                MultirotorMixer::mix(float*, unsigned int, unsigned short*)
 .text._ZN15MultirotorMixer9from_textEPFijhhRfEjPKcRj
                0x08003c88      0x224 CMakeFiles/px4io-v2.dir/__/systemlib/mixer/mixer_multirotor.cpp.obj
                0x08003c88                MultirotorMixer::from_text(int (*)(unsigned int, unsigned char, unsigned char, float&), unsigned int, char const*, unsigned int&)
 .text._ZN11SimpleMixer15groups_requiredERj
                0x08003eac       0x2c CMakeFiles/px4io-v2.dir/__/systemlib/mixer/mixer_simple.cpp.obj
                0x08003eac                SimpleMixer::groups_required(unsigned int&)
 .text._ZN11SimpleMixerD2Ev
                0x08003ed8       0x20 CMakeFiles/px4io-v2.dir/__/systemlib/mixer/mixer_simple.cpp.obj
                0x08003ed8                SimpleMixer::~SimpleMixer()
                0x08003ed8                SimpleMixer::~SimpleMixer()
 .text._ZN11SimpleMixerD0Ev
                0x08003ef8       0x28 CMakeFiles/px4io-v2.dir/__/systemlib/mixer/mixer_simple.cpp.obj
                0x08003ef8                SimpleMixer::~SimpleMixer()
 .text._ZN11SimpleMixer3mixEPfjPt
                0x08003f20       0x74 CMakeFiles/px4io-v2.dir/__/systemlib/mixer/mixer_simple.cpp.obj
                0x08003f20                SimpleMixer::mix(float*, unsigned int, unsigned short*)
 .text._ZN11SimpleMixer19parse_output_scalerEPKcRjR14mixer_scaler_s
                0x08003f94       0xa8 CMakeFiles/px4io-v2.dir/__/systemlib/mixer/mixer_simple.cpp.obj
                0x08003f94                SimpleMixer::parse_output_scaler(char const*, unsigned int&, mixer_scaler_s&)
 .text._ZN11SimpleMixer20parse_control_scalerEPKcRjR14mixer_scaler_sRhS5_
                0x0800403c       0xc0 CMakeFiles/px4io-v2.dir/__/systemlib/mixer/mixer_simple.cpp.obj
                0x0800403c                SimpleMixer::parse_control_scaler(char const*, unsigned int&, mixer_scaler_s&, unsigned char&, unsigned char&)
 .text._ZN11SimpleMixer9from_textEPFijhhRfEjPKcRj
                0x080040fc       0xc4 CMakeFiles/px4io-v2.dir/__/systemlib/mixer/mixer_simple.cpp.obj
                0x080040fc                SimpleMixer::from_text(int (*)(unsigned int, unsigned char, unsigned char, float&), unsigned int, char const*, unsigned int&)
 .text.pwm_limit_init
                0x080041c0       0x10 CMakeFiles/px4io-v2.dir/__/systemlib/pwm_limit/pwm_limit.c.obj
                0x080041c0                pwm_limit_init
 .text.pwm_limit_calc
                0x080041d0      0x2c0 CMakeFiles/px4io-v2.dir/__/systemlib/pwm_limit/pwm_limit.c.obj
                0x080041d0                pwm_limit_calc
 .text.st24_common_crc8
                0x08004490       0x44 CMakeFiles/px4io-v2.dir/__/__/lib/rc/st24.c.obj
                0x08004490                st24_common_crc8
 .text.st24_decode
                0x080044d4      0x224 CMakeFiles/px4io-v2.dir/__/__/lib/rc/st24.c.obj
                0x080044d4                st24_decode
 .text.sumd_decode
                0x080046f8      0x4c4 CMakeFiles/px4io-v2.dir/__/__/lib/rc/sumd.c.obj
                0x080046f8                sumd_decode
 .text.sbus_config
                0x08004bbc       0x7c CMakeFiles/px4io-v2.dir/__/__/lib/rc/sbus.c.obj
                0x08004bbc                sbus_config
 .text.sbus_init
                0x08004c38       0x20 CMakeFiles/px4io-v2.dir/__/__/lib/rc/sbus.c.obj
                0x08004c38                sbus_init
 .text.sbus1_output
                0x08004c58      0x154 CMakeFiles/px4io-v2.dir/__/__/lib/rc/sbus.c.obj
                0x08004c58                sbus1_output
 .text.sbus2_output
                0x08004dac        0x4 CMakeFiles/px4io-v2.dir/__/__/lib/rc/sbus.c.obj
                0x08004dac                sbus2_output
 .text.sbus_parse
                0x08004db0      0x2d0 CMakeFiles/px4io-v2.dir/__/__/lib/rc/sbus.c.obj
                0x08004db0                sbus_parse
 .text.sbus_input
                0x08005080       0x60 CMakeFiles/px4io-v2.dir/__/__/lib/rc/sbus.c.obj
                0x08005080                sbus_input
 .text.sbus1_set_output_rate_hz
                0x080050e0       0x30 CMakeFiles/px4io-v2.dir/__/__/lib/rc/sbus.c.obj
                0x080050e0                sbus1_set_output_rate_hz
 .text.dsm_guess_format.part.0
                0x08005110       0x98 CMakeFiles/px4io-v2.dir/__/__/lib/rc/dsm.c.obj
 .text.dsm_config
                0x080051a8       0x80 CMakeFiles/px4io-v2.dir/__/__/lib/rc/dsm.c.obj
                0x080051a8                dsm_config
 .text.dsm_init
                0x08005228       0x4c CMakeFiles/px4io-v2.dir/__/__/lib/rc/dsm.c.obj
                0x08005228                dsm_init
 .text.dsm_bind
                0x08005274       0xa8 CMakeFiles/px4io-v2.dir/__/__/lib/rc/dsm.c.obj
                0x08005274                dsm_bind
 .text.dsm_parse
                0x0800531c      0x2c0 CMakeFiles/px4io-v2.dir/__/__/lib/rc/dsm.c.obj
                0x0800531c                dsm_parse
 .text.dsm_input
                0x080055dc       0x6c CMakeFiles/px4io-v2.dir/__/__/lib/rc/dsm.c.obj
                0x080055dc                dsm_input
 .text.hrt_absolute_time
                0x08005648       0x50 CMakeFiles/px4io-v2.dir/__/__/drivers/stm32/drv_hrt.c.obj
                0x08005648                hrt_absolute_time
 .text.hrt_call_reschedule
                0x08005698       0x58 CMakeFiles/px4io-v2.dir/__/__/drivers/stm32/drv_hrt.c.obj
 .text.hrt_call_enter
                0x080056f0       0x50 CMakeFiles/px4io-v2.dir/__/__/drivers/stm32/drv_hrt.c.obj
 .text.hrt_call_internal
                0x08005740       0x4c CMakeFiles/px4io-v2.dir/__/__/drivers/stm32/drv_hrt.c.obj
 .text.hrt_tim_isr
                0x0800578c      0x210 CMakeFiles/px4io-v2.dir/__/__/drivers/stm32/drv_hrt.c.obj
 .text.hrt_elapsed_time
                0x0800599c       0x24 CMakeFiles/px4io-v2.dir/__/__/drivers/stm32/drv_hrt.c.obj
                0x0800599c                hrt_elapsed_time
 .text.hrt_init
                0x080059c0       0xcc CMakeFiles/px4io-v2.dir/__/__/drivers/stm32/drv_hrt.c.obj
                0x080059c0                hrt_init
 .text.hrt_call_every
                0x08005a8c       0x38 CMakeFiles/px4io-v2.dir/__/__/drivers/stm32/drv_hrt.c.obj
                0x08005a8c                hrt_call_every
 .text.io_timer_handler
                0x08005ac4       0xf0 CMakeFiles/px4io-v2.dir/__/__/drivers/stm32/drv_io_timer.c.obj
 .text.get_timer_channels
                0x08005bb4       0x3c CMakeFiles/px4io-v2.dir/__/__/drivers/stm32/drv_io_timer.c.obj
 .text.io_timer_handler0
                0x08005bf0        0x8 CMakeFiles/px4io-v2.dir/__/__/drivers/stm32/drv_io_timer.c.obj
                0x08005bf0                io_timer_handler0
 .text.io_timer_handler1
                0x08005bf8        0x8 CMakeFiles/px4io-v2.dir/__/__/drivers/stm32/drv_io_timer.c.obj
                0x08005bf8                io_timer_handler1
 .text.io_timer_handler2
                0x08005c00        0x8 CMakeFiles/px4io-v2.dir/__/__/drivers/stm32/drv_io_timer.c.obj
                0x08005c00                io_timer_handler2
 .text.io_timer_validate_channel_index
                0x08005c08       0x44 CMakeFiles/px4io-v2.dir/__/__/drivers/stm32/drv_io_timer.c.obj
                0x08005c08                io_timer_validate_channel_index
 .text.io_timer_is_channel_free
                0x08005c4c       0x24 CMakeFiles/px4io-v2.dir/__/__/drivers/stm32/drv_io_timer.c.obj
                0x08005c4c                io_timer_is_channel_free
 .text.io_timer_get_mode_channels
                0x08005c70       0x10 CMakeFiles/px4io-v2.dir/__/__/drivers/stm32/drv_io_timer.c.obj
                0x08005c70                io_timer_get_mode_channels
 .text.io_timer_set_rate
                0x08005c80       0x34 CMakeFiles/px4io-v2.dir/__/__/drivers/stm32/drv_io_timer.c.obj
                0x08005c80                io_timer_set_rate
 .text.io_timer_channel_init
                0x08005cb4      0x24c CMakeFiles/px4io-v2.dir/__/__/drivers/stm32/drv_io_timer.c.obj
                0x08005cb4                io_timer_channel_init
 .text.io_timer_set_enable
                0x08005f00      0x1bc CMakeFiles/px4io-v2.dir/__/__/drivers/stm32/drv_io_timer.c.obj
                0x08005f00                io_timer_set_enable
 .text.io_timer_free_channel
                0x080060bc       0x68 CMakeFiles/px4io-v2.dir/__/__/drivers/stm32/drv_io_timer.c.obj
                0x080060bc                io_timer_free_channel
 .text.io_timer_set_ccr
                0x08006124       0x54 CMakeFiles/px4io-v2.dir/__/__/drivers/stm32/drv_io_timer.c.obj
                0x08006124                io_timer_set_ccr
 .text.io_timer_get_group
                0x08006178        0x4 CMakeFiles/px4io-v2.dir/__/__/drivers/stm32/drv_io_timer.c.obj
                0x08006178                io_timer_get_group
 .text.up_pwm_servo_set
                0x0800617c        0x4 CMakeFiles/px4io-v2.dir/__/__/drivers/stm32/drv_pwm_servo.c.obj
                0x0800617c                up_pwm_servo_set
 .text.up_pwm_servo_init
                0x08006180       0x80 CMakeFiles/px4io-v2.dir/__/__/drivers/stm32/drv_pwm_servo.c.obj
                0x08006180                up_pwm_servo_init
 .text.up_pwm_servo_set_rate_group_update
                0x08006200       0x30 CMakeFiles/px4io-v2.dir/__/__/drivers/stm32/drv_pwm_servo.c.obj
                0x08006200                up_pwm_servo_set_rate_group_update
 .text.up_pwm_servo_get_rate_group
                0x08006230        0x4 CMakeFiles/px4io-v2.dir/__/__/drivers/stm32/drv_pwm_servo.c.obj
                0x08006230                up_pwm_servo_get_rate_group
 .text.up_pwm_servo_arm
                0x08006234        0x8 CMakeFiles/px4io-v2.dir/__/__/drivers/stm32/drv_pwm_servo.c.obj
                0x08006234                up_pwm_servo_arm
 .text.stm32_boardinitialize
                0x0800623c      0x110 CMakeFiles/px4io-v2.dir/__/__/drivers/boards/px4io-v2/px4io_init.c.obj
                0x0800623c                stm32_boardinitialize
 .text.dma_reset
                0x0800634c       0x70 CMakeFiles/px4io-v2.dir/serial.c.obj
 .text.rx_dma_callback
                0x080063bc      0x15c CMakeFiles/px4io-v2.dir/serial.c.obj
 .text.serial_interrupt
                0x08006518       0xe4 CMakeFiles/px4io-v2.dir/serial.c.obj
 .text.interface_init
                0x080065fc       0xdc CMakeFiles/px4io-v2.dir/serial.c.obj
                0x080065fc                interface_init
 .text.irq_attach
                0x080066d8       0x38 /home/pgp/src/Firmware/build_px4fmu-v2_default/px4io-v2/NuttX/nuttx-export/libs/libnuttx.a(sched-irq_attach.o)
                0x080066d8                irq_attach
 .text.irq_initialize
                0x08006710       0x1c /home/pgp/src/Firmware/build_px4fmu-v2_default/px4io-v2/NuttX/nuttx-export/libs/libnuttx.a(sched-irq_initialize.o)
                0x08006710                irq_initialize
 .text.irq_unexpected_isr
                0x0800672c       0x14 /home/pgp/src/Firmware/build_px4fmu-v2_default/px4io-v2/NuttX/nuttx-export/libs/libnuttx.a(sched-irq_unexpectedisr.o)
                0x0800672c                irq_unexpected_isr
 .text.abort    0x08006740        0x8 /home/pgp/src/Firmware/build_px4fmu-v2_default/px4io-v2/NuttX/nuttx-export/libs/libnuttx.a(c-lib_abort.o)
                0x08006740                abort
 .text.cfsetspeed
                0x08006748        0x6 /home/pgp/src/Firmware/build_px4fmu-v2_default/px4io-v2/NuttX/nuttx-export/libs/libnuttx.a(c-lib_cfsetspeed.o)
                0x08006748                cfsetspeed
 *fill*         0x0800674e        0x2 
 .text.crc32part
                0x08006750       0x24 /home/pgp/src/Firmware/build_px4fmu-v2_default/px4io-v2/NuttX/nuttx-export/libs/libnuttx.a(c-lib_crc32.o)
                0x08006750                crc32part
 .text.lowvsyslog
                0x08006774       0x1a /home/pgp/src/Firmware/build_px4fmu-v2_default/px4io-v2/NuttX/nuttx-export/libs/libnuttx.a(c-lib_lowsyslog.o)
                0x08006774                lowvsyslog
 .text.lowsyslog
                0x0800678e       0x1a /home/pgp/src/Firmware/build_px4fmu-v2_default/px4io-v2/NuttX/nuttx-export/libs/libnuttx.a(c-lib_lowsyslog.o)
                0x0800678e                lowsyslog
 .text.memchr   0x080067a8       0x1e /home/pgp/src/Firmware/build_px4fmu-v2_default/px4io-v2/NuttX/nuttx-export/libs/libnuttx.a(c-lib_memchr.o)
                0x080067a8                memchr
 .text.memcpy   0x080067c6       0x12 /home/pgp/src/Firmware/build_px4fmu-v2_default/px4io-v2/NuttX/nuttx-export/libs/libnuttx.a(c-lib_memcpy.o)
                0x080067c6                memcpy
 .text.memset   0x080067d8       0x10 /home/pgp/src/Firmware/build_px4fmu-v2_default/px4io-v2/NuttX/nuttx-export/libs/libnuttx.a(c-lib_memset.o)
                0x080067d8                memset
 .text.printf   0x080067e8       0x1a /home/pgp/src/Firmware/build_px4fmu-v2_default/px4io-v2/NuttX/nuttx-export/libs/libnuttx.a(c-lib_printf.o)
                0x080067e8                printf
 *fill*         0x08006802        0x2 
 .text.findwidth
                0x08006804       0x34 /home/pgp/src/Firmware/build_px4fmu-v2_default/px4io-v2/NuttX/nuttx-export/libs/libnuttx.a(c-lib_sscanf.o)
 .text.vsscanf  0x08006838      0x30c /home/pgp/src/Firmware/build_px4fmu-v2_default/px4io-v2/NuttX/nuttx-export/libs/libnuttx.a(c-lib_sscanf.o)
                0x08006838                vsscanf
 .text.sscanf   0x08006b44       0x1a /home/pgp/src/Firmware/build_px4fmu-v2_default/px4io-v2/NuttX/nuttx-export/libs/libnuttx.a(c-lib_sscanf.o)
                0x08006b44                sscanf
 .text.strchr   0x08006b5e       0x16 /home/pgp/src/Firmware/build_px4fmu-v2_default/px4io-v2/NuttX/nuttx-export/libs/libnuttx.a(c-lib_strchr.o)
                0x08006b5e                strchr
 .text.strcmp   0x08006b74       0x1a /home/pgp/src/Firmware/build_px4fmu-v2_default/px4io-v2/NuttX/nuttx-export/libs/libnuttx.a(c-lib_strcmp.o)
                0x08006b74                strcmp
 .text.strcspn  0x08006b8e       0x1c /home/pgp/src/Firmware/build_px4fmu-v2_default/px4io-v2/NuttX/nuttx-export/libs/libnuttx.a(c-lib_strcspn.o)
                0x08006b8e                strcspn
 .text.strncpy  0x08006baa       0x24 /home/pgp/src/Firmware/build_px4fmu-v2_default/px4io-v2/NuttX/nuttx-export/libs/libnuttx.a(c-lib_strncpy.o)
                0x08006baa                strncpy
 .text.strtol   0x08006bce       0x3c /home/pgp/src/Firmware/build_px4fmu-v2_default/px4io-v2/NuttX/nuttx-export/libs/libnuttx.a(c-lib_strtol.o)
                0x08006bce                strtol
 .text.strtoul  0x08006c0a       0x48 /home/pgp/src/Firmware/build_px4fmu-v2_default/px4io-v2/NuttX/nuttx-export/libs/libnuttx.a(c-lib_strtoul.o)
                0x08006c0a                strtoul
 .text.vsyslog  0x08006c52       0x1e /home/pgp/src/Firmware/build_px4fmu-v2_default/px4io-v2/NuttX/nuttx-export/libs/libnuttx.a(c-lib_syslog.o)
                0x08006c52                vsyslog
 .text.tcgetattr
                0x08006c70        0xa /home/pgp/src/Firmware/build_px4fmu-v2_default/px4io-v2/NuttX/nuttx-export/libs/libnuttx.a(c-lib_tcgetattr.o)
                0x08006c70                tcgetattr
 .text.tcsetattr
                0x08006c7a       0x10 /home/pgp/src/Firmware/build_px4fmu-v2_default/px4io-v2/NuttX/nuttx-export/libs/libnuttx.a(c-lib_tcsetattr.o)
                0x08006c7a                tcsetattr
 .text.vsnprintf
                0x08006c8a       0x24 /home/pgp/src/Firmware/build_px4fmu-v2_default/px4io-v2/NuttX/nuttx-export/libs/libnuttx.a(c-lib_vsnprintf.o)
                0x08006c8a                vsnprintf
 .text.sq_addafter
                0x08006cae       0x1c /home/pgp/src/Firmware/build_px4fmu-v2_default/px4io-v2/NuttX/nuttx-export/libs/libnuttx.a(c-sq_addafter.o)
                0x08006cae                sq_addafter
 .text.sq_addfirst
                0x08006cca        0xe /home/pgp/src/Firmware/build_px4fmu-v2_default/px4io-v2/NuttX/nuttx-export/libs/libnuttx.a(c-sq_addfirst.o)
                0x08006cca                sq_addfirst
 .text.sq_addlast
                0x08006cd8       0x14 /home/pgp/src/Firmware/build_px4fmu-v2_default/px4io-v2/NuttX/nuttx-export/libs/libnuttx.a(c-sq_addlast.o)
                0x08006cd8                sq_addlast
 .text.sq_rem   0x08006cec       0x2c /home/pgp/src/Firmware/build_px4fmu-v2_default/px4io-v2/NuttX/nuttx-export/libs/libnuttx.a(c-sq_rem.o)
                0x08006cec                sq_rem
 .text.free     0x08006d18       0xa8 /home/pgp/src/Firmware/build_px4fmu-v2_default/px4io-v2/NuttX/nuttx-export/libs/libnuttx.a(mm-mm_free.o)
                0x08006d18                free
 .text.mallinfo
                0x08006dc0       0x5c /home/pgp/src/Firmware/build_px4fmu-v2_default/px4io-v2/NuttX/nuttx-export/libs/libnuttx.a(mm-mm_mallinfo.o)
                0x08006dc0                mallinfo
 .text.malloc   0x08006e1c       0x94 /home/pgp/src/Firmware/build_px4fmu-v2_default/px4io-v2/NuttX/nuttx-export/libs/libnuttx.a(mm-mm_malloc.o)
                0x08006e1c                malloc
 .text.mm_seminitialize
                0x08006eb0       0x18 /home/pgp/src/Firmware/build_px4fmu-v2_default/px4io-v2/NuttX/nuttx-export/libs/libnuttx.a(mm-mm_sem.o)
                0x08006eb0                mm_seminitialize
 .text.mm_trysemaphore
                0x08006ec8       0x32 /home/pgp/src/Firmware/build_px4fmu-v2_default/px4io-v2/NuttX/nuttx-export/libs/libnuttx.a(mm-mm_sem.o)
                0x08006ec8                mm_trysemaphore
 *fill*         0x08006efa        0x2 
 .text.mm_takesemaphore
                0x08006efc       0x40 /home/pgp/src/Firmware/build_px4fmu-v2_default/px4io-v2/NuttX/nuttx-export/libs/libnuttx.a(mm-mm_sem.o)
                0x08006efc                mm_takesemaphore
 .text.mm_givesemaphore
                0x08006f3c       0x2c /home/pgp/src/Firmware/build_px4fmu-v2_default/px4io-v2/NuttX/nuttx-export/libs/libnuttx.a(mm-mm_sem.o)
                0x08006f3c                mm_givesemaphore
 .text.mm_size2ndx
                0x08006f68       0x1a /home/pgp/src/Firmware/build_px4fmu-v2_default/px4io-v2/NuttX/nuttx-export/libs/libnuttx.a(mm-mm_size2ndx.o)
                0x08006f68                mm_size2ndx
 *fill*         0x08006f82        0x2 
 .text.umm_initialize
                0x08006f84       0x10 /home/pgp/src/Firmware/build_px4fmu-v2_default/px4io-v2/NuttX/nuttx-export/libs/libnuttx.a(mm-mm_user.o)
                0x08006f84                umm_initialize
 .text.umm_trysemaphore
                0x08006f94        0xc /home/pgp/src/Firmware/build_px4fmu-v2_default/px4io-v2/NuttX/nuttx-export/libs/libnuttx.a(mm-mm_user.o)
                0x08006f94                umm_trysemaphore
 .text.umm_givesemaphore
                0x08006fa0        0xc /home/pgp/src/Firmware/build_px4fmu-v2_default/px4io-v2/NuttX/nuttx-export/libs/libnuttx.a(mm-mm_user.o)
                0x08006fa0                umm_givesemaphore
 .text.zalloc   0x08006fac       0x18 /home/pgp/src/Firmware/build_px4fmu-v2_default/px4io-v2/NuttX/nuttx-export/libs/libnuttx.a(mm-mm_zalloc.o)
                0x08006fac                zalloc
 .text.stm32_dmachandisable
                0x08006fc4       0x22 /home/pgp/src/Firmware/build_px4fmu-v2_default/px4io-v2/NuttX/nuttx-export/libs/libnuttx.a(arch-stm32_dma.o)
 *fill*         0x08006fe6        0x2 
 .text.stm32_dmainterrupt
                0x08006fe8       0x50 /home/pgp/src/Firmware/build_px4fmu-v2_default/px4io-v2/NuttX/nuttx-export/libs/libnuttx.a(arch-stm32_dma.o)
 .text.up_dmainitialize
                0x08007038       0x3c /home/pgp/src/Firmware/build_px4fmu-v2_default/px4io-v2/NuttX/nuttx-export/libs/libnuttx.a(arch-stm32_dma.o)
                0x08007038                up_dmainitialize
 .text.stm32_dmachannel
                0x08007074       0x30 /home/pgp/src/Firmware/build_px4fmu-v2_default/px4io-v2/NuttX/nuttx-export/libs/libnuttx.a(arch-stm32_dma.o)
                0x08007074                stm32_dmachannel
 .text.stm32_dmafree
                0x080070a4        0x6 /home/pgp/src/Firmware/build_px4fmu-v2_default/px4io-v2/NuttX/nuttx-export/libs/libnuttx.a(arch-stm32_dma.o)
                0x080070a4                stm32_dmafree
 .text.stm32_dmasetup
                0x080070aa       0x2a /home/pgp/src/Firmware/build_px4fmu-v2_default/px4io-v2/NuttX/nuttx-export/libs/libnuttx.a(arch-stm32_dma.o)
                0x080070aa                stm32_dmasetup
 .text.stm32_dmastart
                0x080070d4       0x28 /home/pgp/src/Firmware/build_px4fmu-v2_default/px4io-v2/NuttX/nuttx-export/libs/libnuttx.a(arch-stm32_dma.o)
                0x080070d4                stm32_dmastart
 .text.stm32_dmastop
                0x080070fc        0x4 /home/pgp/src/Firmware/build_px4fmu-v2_default/px4io-v2/NuttX/nuttx-export/libs/libnuttx.a(arch-stm32_dma.o)
                0x080070fc                stm32_dmastop
 .text.stm32_dmaresidual
                0x08007100        0x6 /home/pgp/src/Firmware/build_px4fmu-v2_default/px4io-v2/NuttX/nuttx-export/libs/libnuttx.a(arch-stm32_dma.o)
                0x08007100                stm32_dmaresidual
 *fill*         0x08007106        0x2 
 .text.stm32_gpioinit
                0x08007108       0x10 /home/pgp/src/Firmware/build_px4fmu-v2_default/px4io-v2/NuttX/nuttx-export/libs/libnuttx.a(arch-stm32_gpio.o)
                0x08007108                stm32_gpioinit
 .text.stm32_configgpio
                0x08007118       0xcc /home/pgp/src/Firmware/build_px4fmu-v2_default/px4io-v2/NuttX/nuttx-export/libs/libnuttx.a(arch-stm32_gpio.o)
                0x08007118                stm32_configgpio
 .text.stm32_gpiowrite
                0x080071e4       0x2c /home/pgp/src/Firmware/build_px4fmu-v2_default/px4io-v2/NuttX/nuttx-export/libs/libnuttx.a(arch-stm32_gpio.o)
                0x080071e4                stm32_gpiowrite
 .text.stm32_gpioread
                0x08007210       0x2c /home/pgp/src/Firmware/build_px4fmu-v2_default/px4io-v2/NuttX/nuttx-export/libs/libnuttx.a(arch-stm32_gpio.o)
                0x08007210                stm32_gpioread
 .text.stm32_irqinfo
                0x0800723c       0x6c /home/pgp/src/Firmware/build_px4fmu-v2_default/px4io-v2/NuttX/nuttx-export/libs/libnuttx.a(arch-stm32_irq.o)
 .text.up_irqinitialize
                0x080072a8       0x68 /home/pgp/src/Firmware/build_px4fmu-v2_default/px4io-v2/NuttX/nuttx-export/libs/libnuttx.a(arch-stm32_irq.o)
                0x080072a8                up_irqinitialize
 .text.up_disable_irq
                0x08007310       0x1e /home/pgp/src/Firmware/build_px4fmu-v2_default/px4io-v2/NuttX/nuttx-export/libs/libnuttx.a(arch-stm32_irq.o)
                0x08007310                up_disable_irq
 .text.up_enable_irq
                0x0800732e       0x1c /home/pgp/src/Firmware/build_px4fmu-v2_default/px4io-v2/NuttX/nuttx-export/libs/libnuttx.a(arch-stm32_irq.o)
                0x0800732e                up_enable_irq
 .text.up_maskack_irq
                0x0800734a        0x4 /home/pgp/src/Firmware/build_px4fmu-v2_default/px4io-v2/NuttX/nuttx-export/libs/libnuttx.a(arch-stm32_irq.o)
                0x0800734a                up_maskack_irq
 .text.up_restoreusartint
                0x0800734e       0x26 /home/pgp/src/Firmware/build_px4fmu-v2_default/px4io-v2/NuttX/nuttx-export/libs/libnuttx.a(arch-stm32_serial.o)
 .text.up_set_format
                0x08007374       0x72 /home/pgp/src/Firmware/build_px4fmu-v2_default/px4io-v2/NuttX/nuttx-export/libs/libnuttx.a(arch-stm32_serial.o)
 .text.up_receive
                0x080073e6       0x16 /home/pgp/src/Firmware/build_px4fmu-v2_default/px4io-v2/NuttX/nuttx-export/libs/libnuttx.a(arch-stm32_serial.o)
 .text.up_rxint
                0x080073fc       0x2c /home/pgp/src/Firmware/build_px4fmu-v2_default/px4io-v2/NuttX/nuttx-export/libs/libnuttx.a(arch-stm32_serial.o)
 .text.up_rxavailable
                0x08007428        0xc /home/pgp/src/Firmware/build_px4fmu-v2_default/px4io-v2/NuttX/nuttx-export/libs/libnuttx.a(arch-stm32_serial.o)
 .text.up_dma_rxint
                0x08007434        0x8 /home/pgp/src/Firmware/build_px4fmu-v2_default/px4io-v2/NuttX/nuttx-export/libs/libnuttx.a(arch-stm32_serial.o)
 .text.up_send  0x0800743c        0x8 /home/pgp/src/Firmware/build_px4fmu-v2_default/px4io-v2/NuttX/nuttx-export/libs/libnuttx.a(arch-stm32_serial.o)
 .text.up_txready
                0x08007444        0xc /home/pgp/src/Firmware/build_px4fmu-v2_default/px4io-v2/NuttX/nuttx-export/libs/libnuttx.a(arch-stm32_serial.o)
 .text.up_txint
                0x08007450       0x38 /home/pgp/src/Firmware/build_px4fmu-v2_default/px4io-v2/NuttX/nuttx-export/libs/libnuttx.a(arch-stm32_serial.o)
 .text.up_interrupt_common
                0x08007488       0x4e /home/pgp/src/Firmware/build_px4fmu-v2_default/px4io-v2/NuttX/nuttx-export/libs/libnuttx.a(arch-stm32_serial.o)
 *fill*         0x080074d6        0x2 
 .text.up_interrupt_usart3
                0x080074d8        0xc /home/pgp/src/Firmware/build_px4fmu-v2_default/px4io-v2/NuttX/nuttx-export/libs/libnuttx.a(arch-stm32_serial.o)
 .text.up_interrupt_usart2
                0x080074e4        0xc /home/pgp/src/Firmware/build_px4fmu-v2_default/px4io-v2/NuttX/nuttx-export/libs/libnuttx.a(arch-stm32_serial.o)
 .text.up_interrupt_usart1
                0x080074f0        0xc /home/pgp/src/Firmware/build_px4fmu-v2_default/px4io-v2/NuttX/nuttx-export/libs/libnuttx.a(arch-stm32_serial.o)
 .text.up_dma_receive
                0x080074fc       0x28 /home/pgp/src/Firmware/build_px4fmu-v2_default/px4io-v2/NuttX/nuttx-export/libs/libnuttx.a(arch-stm32_serial.o)
 .text.up_ioctl
                0x08007524       0xa2 /home/pgp/src/Firmware/build_px4fmu-v2_default/px4io-v2/NuttX/nuttx-export/libs/libnuttx.a(arch-stm32_serial.o)
 .text.up_detach
                0x080075c6       0x1a /home/pgp/src/Firmware/build_px4fmu-v2_default/px4io-v2/NuttX/nuttx-export/libs/libnuttx.a(arch-stm32_serial.o)
 .text.up_attach
                0x080075e0       0x1e /home/pgp/src/Firmware/build_px4fmu-v2_default/px4io-v2/NuttX/nuttx-export/libs/libnuttx.a(arch-stm32_serial.o)
 .text.up_setup
                0x080075fe       0x58 /home/pgp/src/Firmware/build_px4fmu-v2_default/px4io-v2/NuttX/nuttx-export/libs/libnuttx.a(arch-stm32_serial.o)
 *fill*         0x08007656        0x2 
 .text.up_dma_setup
                0x08007658       0x50 /home/pgp/src/Firmware/build_px4fmu-v2_default/px4io-v2/NuttX/nuttx-export/libs/libnuttx.a(arch-stm32_serial.o)
 .text.up_shutdown
                0x080076a8       0x1c /home/pgp/src/Firmware/build_px4fmu-v2_default/px4io-v2/NuttX/nuttx-export/libs/libnuttx.a(arch-stm32_serial.o)
 .text.up_dma_shutdown
                0x080076c4       0x1a /home/pgp/src/Firmware/build_px4fmu-v2_default/px4io-v2/NuttX/nuttx-export/libs/libnuttx.a(arch-stm32_serial.o)
 .text.up_dma_rxavailable
                0x080076de       0x18 /home/pgp/src/Firmware/build_px4fmu-v2_default/px4io-v2/NuttX/nuttx-export/libs/libnuttx.a(arch-stm32_serial.o)
 .text.up_dma_rxcallback
                0x080076f6       0x1e /home/pgp/src/Firmware/build_px4fmu-v2_default/px4io-v2/NuttX/nuttx-export/libs/libnuttx.a(arch-stm32_serial.o)
 .text.up_earlyserialinit
                0x08007714       0x34 /home/pgp/src/Firmware/build_px4fmu-v2_default/px4io-v2/NuttX/nuttx-export/libs/libnuttx.a(arch-stm32_serial.o)
                0x08007714                up_earlyserialinit
 .text.up_serialinit
                0x08007748       0x60 /home/pgp/src/Firmware/build_px4fmu-v2_default/px4io-v2/NuttX/nuttx-export/libs/libnuttx.a(arch-stm32_serial.o)
                0x08007748                up_serialinit
 .text.stm32_serial_dma_poll
                0x080077a8       0x34 /home/pgp/src/Firmware/build_px4fmu-v2_default/px4io-v2/NuttX/nuttx-export/libs/libnuttx.a(arch-stm32_serial.o)
                0x080077a8                stm32_serial_dma_poll
 .text.up_putc  0x080077dc       0x3c /home/pgp/src/Firmware/build_px4fmu-v2_default/px4io-v2/NuttX/nuttx-export/libs/libnuttx.a(arch-stm32_serial.o)
                0x080077dc                up_putc
 .text.__start  0x08007818       0x58 /home/pgp/src/Firmware/build_px4fmu-v2_default/px4io-v2/NuttX/nuttx-export/libs/libnuttx.a(arch-stm32_start.o)
                0x08007818                __start
 .text.up_assert
                0x08007870      0x144 /home/pgp/src/Firmware/build_px4fmu-v2_default/px4io-v2/NuttX/nuttx-export/libs/libnuttx.a(arch-up_assert.o)
                0x08007870                up_assert
 .text.up_hardfault
                0x080079b4       0x40 /home/pgp/src/Firmware/build_px4fmu-v2_default/px4io-v2/NuttX/nuttx-export/libs/libnuttx.a(arch-up_hardfault.o)
                0x080079b4                up_hardfault
 .text.modifyreg32
                0x080079f4       0x1c /home/pgp/src/Firmware/build_px4fmu-v2_default/px4io-v2/NuttX/nuttx-export/libs/libnuttx.a(arch-up_modifyreg32.o)
                0x080079f4                modifyreg32
 .text.up_svcall
                0x08007a10       0x34 /home/pgp/src/Firmware/build_px4fmu-v2_default/px4io-v2/NuttX/nuttx-export/libs/libnuttx.a(arch-up_svcall.o)
                0x08007a10                up_svcall
 .text.up_systemreset
                0x08007a44       0x1c /home/pgp/src/Firmware/build_px4fmu-v2_default/px4io-v2/NuttX/nuttx-export/libs/libnuttx.a(arch-up_systemreset.o)
                0x08007a44                up_systemreset
 .text.up_udelay
                0x08007a60       0x64 /home/pgp/src/Firmware/build_px4fmu-v2_default/px4io-v2/NuttX/nuttx-export/libs/libnuttx.a(arch-up_udelay.o)
                0x08007a60                up_udelay
 .text.__cxa_atexit
                0x08007ac4        0x4 /home/pgp/src/Firmware/build_px4fmu-v2_default/px4io-v2/NuttX/nuttx-export/libs/libnuttx.a(cxx-libxx_cxa_atexit.o)
                0x08007ac4                __cxa_atexit
 .text.__cxa_pure_virtual
                0x08007ac8       0x10 /home/pgp/src/Firmware/build_px4fmu-v2_default/px4io-v2/NuttX/nuttx-export/libs/libnuttx.a(cxx-libxx_cxapurevirtual.o)
                0x08007ac8                __cxa_pure_virtual
 .text._ZdlPv   0x08007ad8        0x4 /home/pgp/src/Firmware/build_px4fmu-v2_default/px4io-v2/NuttX/nuttx-export/libs/libnuttx.a(cxx-libxx_delete.o)
                0x08007ad8                operator delete(void*)
 .text.__aeabi_atexit
                0x08007adc        0xa /home/pgp/src/Firmware/build_px4fmu-v2_default/px4io-v2/NuttX/nuttx-export/libs/libnuttx.a(cxx-libxx_eabi_atexit.o)
                0x08007adc                __aeabi_atexit
 .text._Znwj    0x08007ae6        0xa /home/pgp/src/Firmware/build_px4fmu-v2_default/px4io-v2/NuttX/nuttx-export/libs/libnuttx.a(cxx-libxx_new.o)
                0x08007ae6                operator new(unsigned int)
 .text.ioctl    0x08007af0       0x4a /home/pgp/src/Firmware/build_px4fmu-v2_default/px4io-v2/NuttX/nuttx-export/libs/libnuttx.a(fs-fs_ioctl.o)
                0x08007af0                ioctl
 .text.inode_checkflags
                0x08007b3a       0x28 /home/pgp/src/Firmware/build_px4fmu-v2_default/px4io-v2/NuttX/nuttx-export/libs/libnuttx.a(fs-fs_open.o)
                0x08007b3a                inode_checkflags
 .text.open     0x08007b62       0x96 /home/pgp/src/Firmware/build_px4fmu-v2_default/px4io-v2/NuttX/nuttx-export/libs/libnuttx.a(fs-fs_open.o)
                0x08007b62                open
 .text.read     0x08007bf8       0x62 /home/pgp/src/Firmware/build_px4fmu-v2_default/px4io-v2/NuttX/nuttx-export/libs/libnuttx.a(fs-fs_read.o)
                0x08007bf8                read
 .text.write    0x08007c5a       0x56 /home/pgp/src/Firmware/build_px4fmu-v2_default/px4io-v2/NuttX/nuttx-export/libs/libnuttx.a(fs-fs_write.o)
                0x08007c5a                write
 .text.uart_xmitchars
                0x08007cb0       0x70 /home/pgp/src/Firmware/build_px4fmu-v2_default/px4io-v2/NuttX/nuttx-export/libs/libnuttx.a(drivers-serialirq.o)
                0x08007cb0                uart_xmitchars
 .text.uart_recvchars
                0x08007d20       0x5c /home/pgp/src/Firmware/build_px4fmu-v2_default/px4io-v2/NuttX/nuttx-export/libs/libnuttx.a(drivers-serialirq.o)
                0x08007d20                uart_recvchars
 .text.uart_ioctl
                0x08007d7c       0xcc /home/pgp/src/Firmware/build_px4fmu-v2_default/px4io-v2/NuttX/nuttx-export/libs/libnuttx.a(drivers-serial.o)
 .text.uart_takesem
                0x08007e48       0x30 /home/pgp/src/Firmware/build_px4fmu-v2_default/px4io-v2/NuttX/nuttx-export/libs/libnuttx.a(drivers-serial.o)
 .text.uart_putxmitchar
                0x08007e78       0x7e /home/pgp/src/Firmware/build_px4fmu-v2_default/px4io-v2/NuttX/nuttx-export/libs/libnuttx.a(drivers-serial.o)
 .text.uart_write
                0x08007ef6       0xea /home/pgp/src/Firmware/build_px4fmu-v2_default/px4io-v2/NuttX/nuttx-export/libs/libnuttx.a(drivers-serial.o)
 .text.uart_read
                0x08007fe0       0xe8 /home/pgp/src/Firmware/build_px4fmu-v2_default/px4io-v2/NuttX/nuttx-export/libs/libnuttx.a(drivers-serial.o)
 .text.uart_open
                0x080080c8       0xaa /home/pgp/src/Firmware/build_px4fmu-v2_default/px4io-v2/NuttX/nuttx-export/libs/libnuttx.a(drivers-serial.o)
 .text.uart_close
                0x08008172       0x7e /home/pgp/src/Firmware/build_px4fmu-v2_default/px4io-v2/NuttX/nuttx-export/libs/libnuttx.a(drivers-serial.o)
 .text.uart_register
                0x080081f0       0x54 /home/pgp/src/Firmware/build_px4fmu-v2_default/px4io-v2/NuttX/nuttx-export/libs/libnuttx.a(drivers-serial.o)
                0x080081f0                uart_register
 .text.uart_datareceived
                0x08008244       0x10 /home/pgp/src/Firmware/build_px4fmu-v2_default/px4io-v2/NuttX/nuttx-export/libs/libnuttx.a(drivers-serial.o)
                0x08008244                uart_datareceived
 .text.uart_datasent
                0x08008254       0x10 /home/pgp/src/Firmware/build_px4fmu-v2_default/px4io-v2/NuttX/nuttx-export/libs/libnuttx.a(drivers-serial.o)
                0x08008254                uart_datasent
 .text.get_errno_ptr
                0x08008264       0x24 /home/pgp/src/Firmware/build_px4fmu-v2_default/px4io-v2/NuttX/nuttx-export/libs/libnuttx.a(sched-errno_getptr.o)
                0x08008264                get_errno_ptr
 .text.exit     0x08008288       0x1c /home/pgp/src/Firmware/build_px4fmu-v2_default/px4io-v2/NuttX/nuttx-export/libs/libnuttx.a(sched-exit.o)
                0x08008288                exit
 .text.getpid   0x080082a4       0x10 /home/pgp/src/Firmware/build_px4fmu-v2_default/px4io-v2/NuttX/nuttx-export/libs/libnuttx.a(sched-getpid.o)
                0x080082a4                getpid
 .text.os_start
                0x080082b4      0x130 /home/pgp/src/Firmware/build_px4fmu-v2_default/px4io-v2/NuttX/nuttx-export/libs/libnuttx.a(sched-os_start.o)
                0x080082b4                os_start
 .text.sched_garbagecollection
                0x080083e4       0x2c /home/pgp/src/Firmware/build_px4fmu-v2_default/px4io-v2/NuttX/nuttx-export/libs/libnuttx.a(sched-sched_garbage.o)
                0x080083e4                sched_garbagecollection
 .text.sched_getfiles
                0x08008410       0x10 /home/pgp/src/Firmware/build_px4fmu-v2_default/px4io-v2/NuttX/nuttx-export/libs/libnuttx.a(sched-sched_getfiles.o)
                0x08008410                sched_getfiles
 .text.sem_post
                0x08008420       0x58 /home/pgp/src/Firmware/build_px4fmu-v2_default/px4io-v2/NuttX/nuttx-export/libs/libnuttx.a(sched-sem_post.o)
                0x08008420                sem_post
 .text.sem_trywait
                0x08008478       0x4c /home/pgp/src/Firmware/build_px4fmu-v2_default/px4io-v2/NuttX/nuttx-export/libs/libnuttx.a(sched-sem_trywait.o)
                0x08008478                sem_trywait
 .text.sem_wait
                0x080084c4       0x84 /home/pgp/src/Firmware/build_px4fmu-v2_default/px4io-v2/NuttX/nuttx-export/libs/libnuttx.a(sched-sem_wait.o)
                0x080084c4                sem_wait
 .text.task_exithook
                0x08008548       0x1e /home/pgp/src/Firmware/build_px4fmu-v2_default/px4io-v2/NuttX/nuttx-export/libs/libnuttx.a(sched-task_exithook.o)
                0x08008548                task_exithook
 .text.task_recover
                0x08008566       0x26 /home/pgp/src/Firmware/build_px4fmu-v2_default/px4io-v2/NuttX/nuttx-export/libs/libnuttx.a(sched-task_recover.o)
                0x08008566                task_recover
 .text.wd_cancel
                0x0800858c       0x64 /home/pgp/src/Firmware/build_px4fmu-v2_default/px4io-v2/NuttX/nuttx-export/libs/libnuttx.a(sched-wd_cancel.o)
                0x0800858c                wd_cancel
 .text.wd_delete
                0x080085f0       0x3c /home/pgp/src/Firmware/build_px4fmu-v2_default/px4io-v2/NuttX/nuttx-export/libs/libnuttx.a(sched-wd_delete.o)
                0x080085f0                wd_delete
 .text.wd_initialize
                0x0800862c       0x44 /home/pgp/src/Firmware/build_px4fmu-v2_default/px4io-v2/NuttX/nuttx-export/libs/libnuttx.a(sched-wd_initialize.o)
                0x0800862c                wd_initialize
 .text.dq_addfirst
                0x08008670       0x18 /home/pgp/src/Firmware/build_px4fmu-v2_default/px4io-v2/NuttX/nuttx-export/libs/libnuttx.a(c-dq_addfirst.o)
                0x08008670                dq_addfirst
 .text.cfgetspeed
                0x08008688        0x4 /home/pgp/src/Firmware/build_px4fmu-v2_default/px4io-v2/NuttX/nuttx-export/libs/libnuttx.a(c-lib_cfgetspeed.o)
                0x08008688                cfgetspeed
 .text.lib_checkbase
                0x0800868c       0x52 /home/pgp/src/Firmware/build_px4fmu-v2_default/px4io-v2/NuttX/nuttx-export/libs/libnuttx.a(c-lib_checkbase.o)
                0x0800868c                lib_checkbase
 .text.lib_isbasedigit
                0x080086de       0x4e /home/pgp/src/Firmware/build_px4fmu-v2_default/px4io-v2/NuttX/nuttx-export/libs/libnuttx.a(c-lib_isbasedigit.o)
                0x080086de                lib_isbasedigit
 .text.utodec   0x0800872c       0x22 /home/pgp/src/Firmware/build_px4fmu-v2_default/px4io-v2/NuttX/nuttx-export/libs/libnuttx.a(c-lib_libvsprintf.o)
 .text.utooct   0x0800874e       0x1c /home/pgp/src/Firmware/build_px4fmu-v2_default/px4io-v2/NuttX/nuttx-export/libs/libnuttx.a(c-lib_libvsprintf.o)
 .text.utobin   0x0800876a       0x1c /home/pgp/src/Firmware/build_px4fmu-v2_default/px4io-v2/NuttX/nuttx-export/libs/libnuttx.a(c-lib_libvsprintf.o)
 .text.llutodec
                0x08008786       0x44 /home/pgp/src/Firmware/build_px4fmu-v2_default/px4io-v2/NuttX/nuttx-export/libs/libnuttx.a(c-lib_libvsprintf.o)
 .text.llutooct
                0x080087ca       0x2a /home/pgp/src/Firmware/build_px4fmu-v2_default/px4io-v2/NuttX/nuttx-export/libs/libnuttx.a(c-lib_libvsprintf.o)
 .text.llutobin
                0x080087f4       0x24 /home/pgp/src/Firmware/build_px4fmu-v2_default/px4io-v2/NuttX/nuttx-export/libs/libnuttx.a(c-lib_libvsprintf.o)
 .text.prejustify
                0x08008818       0x80 /home/pgp/src/Firmware/build_px4fmu-v2_default/px4io-v2/NuttX/nuttx-export/libs/libnuttx.a(c-lib_libvsprintf.o)
 .text.utohex   0x08008898       0x48 /home/pgp/src/Firmware/build_px4fmu-v2_default/px4io-v2/NuttX/nuttx-export/libs/libnuttx.a(c-lib_libvsprintf.o)
 .text.utoascii
                0x080088e0       0x88 /home/pgp/src/Firmware/build_px4fmu-v2_default/px4io-v2/NuttX/nuttx-export/libs/libnuttx.a(c-lib_libvsprintf.o)
 .text.llutohex
                0x08008968       0x5e /home/pgp/src/Firmware/build_px4fmu-v2_default/px4io-v2/NuttX/nuttx-export/libs/libnuttx.a(c-lib_libvsprintf.o)
 .text.llutoascii
                0x080089c6       0x92 /home/pgp/src/Firmware/build_px4fmu-v2_default/px4io-v2/NuttX/nuttx-export/libs/libnuttx.a(c-lib_libvsprintf.o)
 .text.postjustify
                0x08008a58       0x26 /home/pgp/src/Firmware/build_px4fmu-v2_default/px4io-v2/NuttX/nuttx-export/libs/libnuttx.a(c-lib_libvsprintf.o)
 *fill*         0x08008a7e        0x2 
 .text.lib_vsprintf
                0x08008a80      0x28c /home/pgp/src/Firmware/build_px4fmu-v2_default/px4io-v2/NuttX/nuttx-export/libs/libnuttx.a(c-lib_libvsprintf.o)
                0x08008a80                lib_vsprintf
 .text.lowoutstream_putc
                0x08008d0c       0x16 /home/pgp/src/Firmware/build_px4fmu-v2_default/px4io-v2/NuttX/nuttx-export/libs/libnuttx.a(c-lib_lowoutstream.o)
 *fill*         0x08008d22        0x2 
 .text.lib_lowoutstream
                0x08008d24       0x10 /home/pgp/src/Firmware/build_px4fmu-v2_default/px4io-v2/NuttX/nuttx-export/libs/libnuttx.a(c-lib_lowoutstream.o)
                0x08008d24                lib_lowoutstream
 .text.memoutstream_putc
                0x08008d34       0x1a /home/pgp/src/Firmware/build_px4fmu-v2_default/px4io-v2/NuttX/nuttx-export/libs/libnuttx.a(c-lib_memoutstream.o)
 *fill*         0x08008d4e        0x2 
 .text.lib_memoutstream
                0x08008d50       0x18 /home/pgp/src/Firmware/build_px4fmu-v2_default/px4io-v2/NuttX/nuttx-export/libs/libnuttx.a(c-lib_memoutstream.o)
                0x08008d50                lib_memoutstream
 .text.nulloutstream_putc
                0x08008d68        0x8 /home/pgp/src/Firmware/build_px4fmu-v2_default/px4io-v2/NuttX/nuttx-export/libs/libnuttx.a(c-lib_nulloutstream.o)
 .text.lib_nulloutstream
                0x08008d70       0x10 /home/pgp/src/Firmware/build_px4fmu-v2_default/px4io-v2/NuttX/nuttx-export/libs/libnuttx.a(c-lib_nulloutstream.o)
                0x08008d70                lib_nulloutstream
 .text.rawoutstream_putc
                0x08008d80       0x2e /home/pgp/src/Firmware/build_px4fmu-v2_default/px4io-v2/NuttX/nuttx-export/libs/libnuttx.a(c-lib_rawoutstream.o)
 *fill*         0x08008dae        0x2 
 .text.lib_rawoutstream
                0x08008db0       0x10 /home/pgp/src/Firmware/build_px4fmu-v2_default/px4io-v2/NuttX/nuttx-export/libs/libnuttx.a(c-lib_rawoutstream.o)
                0x08008db0                lib_rawoutstream
 .text.lib_skipspace
                0x08008dc0       0x16 /home/pgp/src/Firmware/build_px4fmu-v2_default/px4io-v2/NuttX/nuttx-export/libs/libnuttx.a(c-lib_skipspace.o)
                0x08008dc0                lib_skipspace
 .text.strcpy   0x08008dd6        0xe /home/pgp/src/Firmware/build_px4fmu-v2_default/px4io-v2/NuttX/nuttx-export/libs/libnuttx.a(c-lib_strcpy.o)
                0x08008dd6                strcpy
 .text.strlen   0x08008de4       0x10 /home/pgp/src/Firmware/build_px4fmu-v2_default/px4io-v2/NuttX/nuttx-export/libs/libnuttx.a(c-lib_strlen.o)
                0x08008de4                strlen
 .text.sem_init
                0x08008df4       0x1e /home/pgp/src/Firmware/build_px4fmu-v2_default/px4io-v2/NuttX/nuttx-export/libs/libnuttx.a(c-sem_init.o)
                0x08008df4                sem_init
 .text.sq_remafter
                0x08008e12       0x22 /home/pgp/src/Firmware/build_px4fmu-v2_default/px4io-v2/NuttX/nuttx-export/libs/libnuttx.a(c-sq_remafter.o)
                0x08008e12                sq_remafter
 .text.sq_remfirst
                0x08008e34       0x14 /home/pgp/src/Firmware/build_px4fmu-v2_default/px4io-v2/NuttX/nuttx-export/libs/libnuttx.a(c-sq_remfirst.o)
                0x08008e34                sq_remfirst
 .text.mm_addfreechunk
                0x08008e48       0x36 /home/pgp/src/Firmware/build_px4fmu-v2_default/px4io-v2/NuttX/nuttx-export/libs/libnuttx.a(mm-mm_addfreechunk.o)
                0x08008e48                mm_addfreechunk
 .text.mm_addregion
                0x08008e7e       0x50 /home/pgp/src/Firmware/build_px4fmu-v2_default/px4io-v2/NuttX/nuttx-export/libs/libnuttx.a(mm-mm_initialize.o)
                0x08008e7e                mm_addregion
 .text.mm_initialize
                0x08008ece       0x40 /home/pgp/src/Firmware/build_px4fmu-v2_default/px4io-v2/NuttX/nuttx-export/libs/libnuttx.a(mm-mm_initialize.o)
                0x08008ece                mm_initialize
 *fill*         0x08008f0e        0x2 
 .text.up_allocate_heap
                0x08008f10       0x14 /home/pgp/src/Firmware/build_px4fmu-v2_default/px4io-v2/NuttX/nuttx-export/libs/libnuttx.a(arch-stm32_allocateheap.o)
                0x08008f10                up_allocate_heap
 .text.up_idle  0x08008f24        0x4 /home/pgp/src/Firmware/build_px4fmu-v2_default/px4io-v2/NuttX/nuttx-export/libs/libnuttx.a(arch-stm32_idle.o)
                0x08008f24                up_idle
 .text.up_lowputc
                0x08008f28       0x18 /home/pgp/src/Firmware/build_px4fmu-v2_default/px4io-v2/NuttX/nuttx-export/libs/libnuttx.a(arch-stm32_lowputc.o)
                0x08008f28                up_lowputc
 .text.stm32_lowsetup
                0x08008f40       0x6c /home/pgp/src/Firmware/build_px4fmu-v2_default/px4io-v2/NuttX/nuttx-export/libs/libnuttx.a(arch-stm32_lowputc.o)
                0x08008f40                stm32_lowsetup
 .text.stm32_clockconfig
                0x08008fac       0xe8 /home/pgp/src/Firmware/build_px4fmu-v2_default/px4io-v2/NuttX/nuttx-export/libs/libnuttx.a(arch-stm32_rcc.o)
                0x08008fac                stm32_clockconfig
 .text.up_block_task
                0x08009094       0x74 /home/pgp/src/Firmware/build_px4fmu-v2_default/px4io-v2/NuttX/nuttx-export/libs/libnuttx.a(arch-up_blocktask.o)
                0x08009094                up_block_task
 .text.up_copystate
                0x08009108       0x12 /home/pgp/src/Firmware/build_px4fmu-v2_default/px4io-v2/NuttX/nuttx-export/libs/libnuttx.a(arch-up_copystate.o)
                0x08009108                up_copystate
 .text          0x0800911a       0x5e /home/pgp/src/Firmware/build_px4fmu-v2_default/px4io-v2/NuttX/nuttx-export/libs/libnuttx.a(arch-up_exception.o)
                0x0800911a                exception_common
 .text._exit    0x08009178       0x1c /home/pgp/src/Firmware/build_px4fmu-v2_default/px4io-v2/NuttX/nuttx-export/libs/libnuttx.a(arch-up_exit.o)
                0x08009178                _exit
 .text          0x08009194        0xa /home/pgp/src/Firmware/build_px4fmu-v2_default/px4io-v2/NuttX/nuttx-export/libs/libnuttx.a(arch-up_fullcontextrestore.o)
                0x08009194                up_fullcontextrestore
 *fill*         0x0800919e        0x2 
 .text.up_initialize
                0x080091a0       0x28 /home/pgp/src/Firmware/build_px4fmu-v2_default/px4io-v2/NuttX/nuttx-export/libs/libnuttx.a(arch-up_initialize.o)
                0x080091a0                up_initialize
 .text.up_initial_state
                0x080091c8       0x34 /home/pgp/src/Firmware/build_px4fmu-v2_default/px4io-v2/NuttX/nuttx-export/libs/libnuttx.a(arch-up_initialstate.o)
                0x080091c8                up_initial_state
 .text.up_interrupt_context
                0x080091fc       0x10 /home/pgp/src/Firmware/build_px4fmu-v2_default/px4io-v2/NuttX/nuttx-export/libs/libnuttx.a(arch-up_interruptcontext.o)
                0x080091fc                up_interrupt_context
 .text.up_mdelay
                0x0800920c       0x28 /home/pgp/src/Firmware/build_px4fmu-v2_default/px4io-v2/NuttX/nuttx-export/libs/libnuttx.a(arch-up_mdelay.o)
                0x0800920c                up_mdelay
 .text          0x08009234        0xc /home/pgp/src/Firmware/build_px4fmu-v2_default/px4io-v2/NuttX/nuttx-export/libs/libnuttx.a(arch-up_switchcontext.o)
                0x08009234                up_switchcontext
 .text.up_unblock_task
                0x08009240       0x54 /home/pgp/src/Firmware/build_px4fmu-v2_default/px4io-v2/NuttX/nuttx-export/libs/libnuttx.a(arch-up_unblocktask.o)
                0x08009240                up_unblock_task
 .text._files_close
                0x08009294       0x2a /home/pgp/src/Firmware/build_px4fmu-v2_default/px4io-v2/NuttX/nuttx-export/libs/libnuttx.a(fs-fs_files.o)
 *fill*         0x080092be        0x2 
 .text._files_semtake
                0x080092c0       0x24 /home/pgp/src/Firmware/build_px4fmu-v2_default/px4io-v2/NuttX/nuttx-export/libs/libnuttx.a(fs-fs_files.o)
 .text.files_initialize
                0x080092e4        0x2 /home/pgp/src/Firmware/build_px4fmu-v2_default/px4io-v2/NuttX/nuttx-export/libs/libnuttx.a(fs-fs_files.o)
                0x080092e4                files_initialize
 .text.files_initlist
                0x080092e6        0x8 /home/pgp/src/Firmware/build_px4fmu-v2_default/px4io-v2/NuttX/nuttx-export/libs/libnuttx.a(fs-fs_files.o)
                0x080092e6                files_initlist
 .text.files_releaselist
                0x080092ee       0x1e /home/pgp/src/Firmware/build_px4fmu-v2_default/px4io-v2/NuttX/nuttx-export/libs/libnuttx.a(fs-fs_files.o)
                0x080092ee                files_releaselist
 .text.files_dup
                0x0800930c       0x84 /home/pgp/src/Firmware/build_px4fmu-v2_default/px4io-v2/NuttX/nuttx-export/libs/libnuttx.a(fs-fs_files.o)
                0x0800930c                files_dup
 .text.files_allocate
                0x08009390       0x4e /home/pgp/src/Firmware/build_px4fmu-v2_default/px4io-v2/NuttX/nuttx-export/libs/libnuttx.a(fs-fs_files.o)
                0x08009390                files_allocate
 .text.files_close
                0x080093de       0x3a /home/pgp/src/Firmware/build_px4fmu-v2_default/px4io-v2/NuttX/nuttx-export/libs/libnuttx.a(fs-fs_files.o)
                0x080093de                files_close
 .text.files_release
                0x08009418       0x2e /home/pgp/src/Firmware/build_px4fmu-v2_default/px4io-v2/NuttX/nuttx-export/libs/libnuttx.a(fs-fs_files.o)
                0x08009418                files_release
 .text.inode_addref
                0x08009446       0x1a /home/pgp/src/Firmware/build_px4fmu-v2_default/px4io-v2/NuttX/nuttx-export/libs/libnuttx.a(fs-fs_inodeaddref.o)
                0x08009446                inode_addref
 .text.inode_find
                0x08009460       0x34 /home/pgp/src/Firmware/build_px4fmu-v2_default/px4io-v2/NuttX/nuttx-export/libs/libnuttx.a(fs-fs_inodefind.o)
                0x08009460                inode_find
 .text.fs_initialize
                0x08009494       0x20 /home/pgp/src/Firmware/build_px4fmu-v2_default/px4io-v2/NuttX/nuttx-export/libs/libnuttx.a(fs-fs_inode.o)
                0x08009494                fs_initialize
 .text.inode_semtake
                0x080094b4       0x28 /home/pgp/src/Firmware/build_px4fmu-v2_default/px4io-v2/NuttX/nuttx-export/libs/libnuttx.a(fs-fs_inode.o)
                0x080094b4                inode_semtake
 .text.inode_semgive
                0x080094dc        0xc /home/pgp/src/Firmware/build_px4fmu-v2_default/px4io-v2/NuttX/nuttx-export/libs/libnuttx.a(fs-fs_inode.o)
                0x080094dc                inode_semgive
 .text.inode_free
                0x080094e8       0x1e /home/pgp/src/Firmware/build_px4fmu-v2_default/px4io-v2/NuttX/nuttx-export/libs/libnuttx.a(fs-fs_inode.o)
                0x080094e8                inode_free
 .text.inode_nextname
                0x08009506       0x12 /home/pgp/src/Firmware/build_px4fmu-v2_default/px4io-v2/NuttX/nuttx-export/libs/libnuttx.a(fs-fs_inode.o)
                0x08009506                inode_nextname
 .text.inode_search
                0x08009518       0xa0 /home/pgp/src/Firmware/build_px4fmu-v2_default/px4io-v2/NuttX/nuttx-export/libs/libnuttx.a(fs-fs_inode.o)
                0x08009518                inode_search
 .text.inode_release
                0x080095b8       0x3e /home/pgp/src/Firmware/build_px4fmu-v2_default/px4io-v2/NuttX/nuttx-export/libs/libnuttx.a(fs-fs_inoderelease.o)
                0x080095b8                inode_release
 .text.register_driver
                0x080095f6       0x32 /home/pgp/src/Firmware/build_px4fmu-v2_default/px4io-v2/NuttX/nuttx-export/libs/libnuttx.a(fs-fs_registerdriver.o)
                0x080095f6                register_driver
 .text.group_allocate
                0x08009628       0x18 /home/pgp/src/Firmware/build_px4fmu-v2_default/px4io-v2/NuttX/nuttx-export/libs/libnuttx.a(sched-group_create.o)
                0x08009628                group_allocate
 .text.group_initialize
                0x08009640        0xa /home/pgp/src/Firmware/build_px4fmu-v2_default/px4io-v2/NuttX/nuttx-export/libs/libnuttx.a(sched-group_create.o)
                0x08009640                group_initialize
 .text.group_leave
                0x0800964a       0x26 /home/pgp/src/Firmware/build_px4fmu-v2_default/px4io-v2/NuttX/nuttx-export/libs/libnuttx.a(sched-group_leave.o)
                0x0800964a                group_leave
 .text.group_setupidlefiles
                0x08009670       0x38 /home/pgp/src/Firmware/build_px4fmu-v2_default/px4io-v2/NuttX/nuttx-export/libs/libnuttx.a(sched-group_setupidlefiles.o)
                0x08009670                group_setupidlefiles
 .text.os_bringup
                0x080096a8       0x34 /home/pgp/src/Firmware/build_px4fmu-v2_default/px4io-v2/NuttX/nuttx-export/libs/libnuttx.a(sched-os_bringup.o)
                0x080096a8                os_bringup
 .text.sched_addblocked
                0x080096dc       0x38 /home/pgp/src/Firmware/build_px4fmu-v2_default/px4io-v2/NuttX/nuttx-export/libs/libnuttx.a(sched-sched_addblocked.o)
                0x080096dc                sched_addblocked
 .text.sched_addprioritized
                0x08009714       0x54 /home/pgp/src/Firmware/build_px4fmu-v2_default/px4io-v2/NuttX/nuttx-export/libs/libnuttx.a(sched-sched_addprioritized.o)
                0x08009714                sched_addprioritized
 .text.sched_addreadytorun
                0x08009768       0x60 /home/pgp/src/Firmware/build_px4fmu-v2_default/px4io-v2/NuttX/nuttx-export/libs/libnuttx.a(sched-sched_addreadytorun.o)
                0x08009768                sched_addreadytorun
 .text.sched_ufree
                0x080097c8       0x3c /home/pgp/src/Firmware/build_px4fmu-v2_default/px4io-v2/NuttX/nuttx-export/libs/libnuttx.a(sched-sched_free.o)
                0x080097c8                sched_ufree
 .text.sched_mergepending
                0x08009804       0x64 /home/pgp/src/Firmware/build_px4fmu-v2_default/px4io-v2/NuttX/nuttx-export/libs/libnuttx.a(sched-sched_mergepending.o)
                0x08009804                sched_mergepending
 .text.sched_removeblocked
                0x08009868       0x2c /home/pgp/src/Firmware/build_px4fmu-v2_default/px4io-v2/NuttX/nuttx-export/libs/libnuttx.a(sched-sched_removeblocked.o)
                0x08009868                sched_removeblocked
 .text.sched_removereadytorun
                0x08009894       0x38 /home/pgp/src/Firmware/build_px4fmu-v2_default/px4io-v2/NuttX/nuttx-export/libs/libnuttx.a(sched-sched_removereadytorun.o)
                0x08009894                sched_removereadytorun
 .text.sem_destroy
                0x080098cc       0x26 /home/pgp/src/Firmware/build_px4fmu-v2_default/px4io-v2/NuttX/nuttx-export/libs/libnuttx.a(sched-sem_destroy.o)
                0x080098cc                sem_destroy
 *fill*         0x080098f2        0x2 
 .text.thread_create
                0x080098f4       0xa4 /home/pgp/src/Firmware/build_px4fmu-v2_default/px4io-v2/NuttX/nuttx-export/libs/libnuttx.a(sched-task_create.o)
 .text.task_create
                0x08009998       0x1a /home/pgp/src/Firmware/build_px4fmu-v2_default/px4io-v2/NuttX/nuttx-export/libs/libnuttx.a(sched-task_create.o)
                0x08009998                task_create
 *fill*         0x080099b2        0x2 
 .text.task_exit
                0x080099b4       0x4c /home/pgp/src/Firmware/build_px4fmu-v2_default/px4io-v2/NuttX/nuttx-export/libs/libnuttx.a(sched-task_exit.o)
                0x080099b4                task_exit
 .text.task_schedsetup
                0x08009a00       0xa8 /home/pgp/src/Firmware/build_px4fmu-v2_default/px4io-v2/NuttX/nuttx-export/libs/libnuttx.a(sched-task_setup.o)
                0x08009a00                task_schedsetup
 .text.task_argsetup
                0x08009aa8       0x5c /home/pgp/src/Firmware/build_px4fmu-v2_default/px4io-v2/NuttX/nuttx-export/libs/libnuttx.a(sched-task_setup.o)
                0x08009aa8                task_argsetup
 .text.task_start
                0x08009b04       0x28 /home/pgp/src/Firmware/build_px4fmu-v2_default/px4io-v2/NuttX/nuttx-export/libs/libnuttx.a(sched-task_start.o)
                0x08009b04                task_start
 .text.task_terminate
                0x08009b2c       0x78 /home/pgp/src/Firmware/build_px4fmu-v2_default/px4io-v2/NuttX/nuttx-export/libs/libnuttx.a(sched-task_terminate.o)
                0x08009b2c                task_terminate
 .text.dq_addlast
                0x08009ba4       0x18 /home/pgp/src/Firmware/build_px4fmu-v2_default/px4io-v2/NuttX/nuttx-export/libs/libnuttx.a(c-dq_addlast.o)
                0x08009ba4                dq_addlast
 .text.dq_rem   0x08009bbc       0x1c /home/pgp/src/Firmware/build_px4fmu-v2_default/px4io-v2/NuttX/nuttx-export/libs/libnuttx.a(c-dq_rem.o)
                0x08009bbc                dq_rem
 .text.strdup   0x08009bd8       0x1c /home/pgp/src/Firmware/build_px4fmu-v2_default/px4io-v2/NuttX/nuttx-export/libs/libnuttx.a(c-lib_strdup.o)
                0x08009bd8                strdup
 .text.up_timerisr
                0x08009bf4        0xa /home/pgp/src/Firmware/build_px4fmu-v2_default/px4io-v2/NuttX/nuttx-export/libs/libnuttx.a(arch-stm32_timerisr.o)
                0x08009bf4                up_timerisr
 *fill*         0x08009bfe        0x2 
 .text.up_timerinit
                0x08009c00       0x40 /home/pgp/src/Firmware/build_px4fmu-v2_default/px4io-v2/NuttX/nuttx-export/libs/libnuttx.a(arch-stm32_timerisr.o)
                0x08009c00                up_timerinit
 .text.up_create_stack
                0x08009c40       0x42 /home/pgp/src/Firmware/build_px4fmu-v2_default/px4io-v2/NuttX/nuttx-export/libs/libnuttx.a(arch-up_createstack.o)
                0x08009c40                up_create_stack
 *fill*         0x08009c82        0x2 
 .text.up_doirq
                0x08009c84       0x2c /home/pgp/src/Firmware/build_px4fmu-v2_default/px4io-v2/NuttX/nuttx-export/libs/libnuttx.a(arch-up_doirq.o)
                0x08009c84                up_doirq
 .text.up_release_stack
                0x08009cb0       0x16 /home/pgp/src/Firmware/build_px4fmu-v2_default/px4io-v2/NuttX/nuttx-export/libs/libnuttx.a(arch-up_releasestack.o)
                0x08009cb0                up_release_stack
 .text.close    0x08009cc6       0x26 /home/pgp/src/Firmware/build_px4fmu-v2_default/px4io-v2/NuttX/nuttx-export/libs/libnuttx.a(fs-fs_close.o)
                0x08009cc6                close
 .text.dup2     0x08009cec       0x4a /home/pgp/src/Firmware/build_px4fmu-v2_default/px4io-v2/NuttX/nuttx-export/libs/libnuttx.a(fs-fs_filedup2.o)
                0x08009cec                dup2
 .text.inode_alloc
                0x08009d36       0x3c /home/pgp/src/Firmware/build_px4fmu-v2_default/px4io-v2/NuttX/nuttx-export/libs/libnuttx.a(fs-fs_inodereserve.o)
 *fill*         0x08009d72        0x2 
 .text.inode_reserve
                0x08009d74       0xa4 /home/pgp/src/Firmware/build_px4fmu-v2_default/px4io-v2/NuttX/nuttx-export/libs/libnuttx.a(fs-fs_inodereserve.o)
                0x08009d74                inode_reserve
 .text.group_setuptaskfiles
                0x08009e18        0xe /home/pgp/src/Firmware/build_px4fmu-v2_default/px4io-v2/NuttX/nuttx-export/libs/libnuttx.a(sched-group_setuptaskfiles.o)
                0x08009e18                group_setuptaskfiles
 *fill*         0x08009e26        0x2 
 .text.irq_dispatch
                0x08009e28       0x24 /home/pgp/src/Firmware/build_px4fmu-v2_default/px4io-v2/NuttX/nuttx-export/libs/libnuttx.a(sched-irq_dispatch.o)
                0x08009e28                irq_dispatch
 .text.sched_gettcb
                0x08009e4c       0x24 /home/pgp/src/Firmware/build_px4fmu-v2_default/px4io-v2/NuttX/nuttx-export/libs/libnuttx.a(sched-sched_gettcb.o)
                0x08009e4c                sched_gettcb
 .text.sched_lock
                0x08009e70       0x30 /home/pgp/src/Firmware/build_px4fmu-v2_default/px4io-v2/NuttX/nuttx-export/libs/libnuttx.a(sched-sched_lock.o)
                0x08009e70                sched_lock
 .text.sched_process_timer
                0x08009ea0       0x1c /home/pgp/src/Firmware/build_px4fmu-v2_default/px4io-v2/NuttX/nuttx-export/libs/libnuttx.a(sched-sched_processtimer.o)
                0x08009ea0                sched_process_timer
 .text.sched_releasetcb
                0x08009ebc       0x54 /home/pgp/src/Firmware/build_px4fmu-v2_default/px4io-v2/NuttX/nuttx-export/libs/libnuttx.a(sched-sched_releasetcb.o)
                0x08009ebc                sched_releasetcb
 .text.sched_unlock
                0x08009f10       0x48 /home/pgp/src/Firmware/build_px4fmu-v2_default/px4io-v2/NuttX/nuttx-export/libs/libnuttx.a(sched-sched_unlock.o)
                0x08009f10                sched_unlock
 .text.task_activate
                0x08009f58       0x18 /home/pgp/src/Firmware/build_px4fmu-v2_default/px4io-v2/NuttX/nuttx-export/libs/libnuttx.a(sched-task_activate.o)
                0x08009f58                task_activate
 .text.up_release_pending
                0x08009f70       0x38 /home/pgp/src/Firmware/build_px4fmu-v2_default/px4io-v2/NuttX/nuttx-export/libs/libnuttx.a(arch-up_releasepending.o)
                0x08009f70                up_release_pending
 .text.fminf    0x08009fa8       0x28 /opt/gcc-arm-none-eabi-4_8-2014q3/bin/../lib/gcc/arm-none-eabi/4.8.4/../../../../arm-none-eabi/lib/armv7-m/libm.a(lib_a-sf_fmin.o)
                0x08009fa8                fminf
 .text.__fpclassifyf
                0x08009fd0       0x34 /opt/gcc-arm-none-eabi-4_8-2014q3/bin/../lib/gcc/arm-none-eabi/4.8.4/../../../../arm-none-eabi/lib/armv7-m/libm.a(lib_a-sf_fpclassify.o)
                0x08009fd0                __fpclassifyf
 .text          0x0800a004       0x18 /opt/gcc-arm-none-eabi-4_8-2014q3/bin/../lib/gcc/arm-none-eabi/4.8.4/armv7-m/libgcc.a(_lshrdi3.o)
                0x0800a004                __aeabi_llsr
                0x0800a004                __lshrdi3
 .text          0x0800a01c      0x21c /opt/gcc-arm-none-eabi-4_8-2014q3/bin/../lib/gcc/arm-none-eabi/4.8.4/armv7-m/libgcc.a(_arm_addsubsf3.o)
                0x0800a01c                __aeabi_frsub
                0x0800a024                __subsf3
                0x0800a024                __aeabi_fsub
                0x0800a028                __aeabi_fadd
                0x0800a028                __addsf3
                0x0800a188                __aeabi_ui2f
                0x0800a188                __floatunsisf
                0x0800a190                __aeabi_i2f
                0x0800a190                __floatsisf
                0x0800a1ac                __floatundisf
                0x0800a1ac                __aeabi_ul2f
                0x0800a1bc                __floatdisf
                0x0800a1bc                __aeabi_l2f
 .text          0x0800a238      0x2a0 /opt/gcc-arm-none-eabi-4_8-2014q3/bin/../lib/gcc/arm-none-eabi/4.8.4/armv7-m/libgcc.a(_arm_muldivsf3.o)
                0x0800a238                __mulsf3
                0x0800a238                __aeabi_fmul
                0x0800a3a0                __divsf3
                0x0800a3a0                __aeabi_fdiv
 .text          0x0800a4d8       0xec /opt/gcc-arm-none-eabi-4_8-2014q3/bin/../lib/gcc/arm-none-eabi/4.8.4/armv7-m/libgcc.a(_arm_cmpsf2.o)
                0x0800a4d8                __gtsf2
                0x0800a4d8                __gesf2
                0x0800a4e0                __lesf2
                0x0800a4e0                __ltsf2
                0x0800a4e8                __nesf2
                0x0800a4e8                __eqsf2
                0x0800a4e8                __cmpsf2
                0x0800a548                __aeabi_cfrcmple
                0x0800a550                __aeabi_cfcmple
                0x0800a550                __aeabi_cfcmpeq
                0x0800a560                __aeabi_fcmpeq
                0x0800a574                __aeabi_fcmplt
                0x0800a588                __aeabi_fcmple
                0x0800a59c                __aeabi_fcmpge
                0x0800a5b0                __aeabi_fcmpgt
 .text          0x0800a5c4       0x2c /opt/gcc-arm-none-eabi-4_8-2014q3/bin/../lib/gcc/arm-none-eabi/4.8.4/armv7-m/libgcc.a(_arm_unordsf2.o)
                0x0800a5c4                __aeabi_fcmpun
                0x0800a5c4                __unordsf2
 .text          0x0800a5f0       0x4c /opt/gcc-arm-none-eabi-4_8-2014q3/bin/../lib/gcc/arm-none-eabi/4.8.4/armv7-m/libgcc.a(_arm_fixsfsi.o)
                0x0800a5f0                __fixsfsi
                0x0800a5f0                __aeabi_f2iz
 .text          0x0800a63c       0x40 /opt/gcc-arm-none-eabi-4_8-2014q3/bin/../lib/gcc/arm-none-eabi/4.8.4/armv7-m/libgcc.a(_arm_fixunssfsi.o)
                0x0800a63c                __aeabi_f2uiz
                0x0800a63c                __fixunssfsi
 .text          0x0800a67c       0x2c /opt/gcc-arm-none-eabi-4_8-2014q3/bin/../lib/gcc/arm-none-eabi/4.8.4/armv7-m/libgcc.a(_aeabi_uldivmod.o)
                0x0800a67c                __aeabi_uldivmod
 .text          0x0800a6a8       0x60 /opt/gcc-arm-none-eabi-4_8-2014q3/bin/../lib/gcc/arm-none-eabi/4.8.4/armv7-m/libgcc.a(bpabi.o)
                0x0800a6a8                __gnu_ldivmod_helper
                0x0800a6d8                __gnu_uldivmod_helper
 .text          0x0800a708        0x4 /opt/gcc-arm-none-eabi-4_8-2014q3/bin/../lib/gcc/arm-none-eabi/4.8.4/armv7-m/libgcc.a(_dvmd_tls.o)
                0x0800a708                __aeabi_ldiv0
                0x0800a708                __aeabi_idiv0
 .text          0x0800a70c      0x2a0 /opt/gcc-arm-none-eabi-4_8-2014q3/bin/../lib/gcc/arm-none-eabi/4.8.4/armv7-m/libgcc.a(_divdi3.o)
                0x0800a70c                __divdi3
 .text          0x0800a9ac      0x290 /opt/gcc-arm-none-eabi-4_8-2014q3/bin/../lib/gcc/arm-none-eabi/4.8.4/armv7-m/libgcc.a(_udivdi3.o)
                0x0800a9ac                __udivdi3
 *(.fixup)
 *(.gnu.warning)
 *(.rodata .rodata.*)
 .rodata.str1.4
                0x0800ac3c       0x17 CMakeFiles/px4io-v2.dir/controls.c.obj
                                 0x18 (size before relaxing)
 *fill*         0x0800ac53        0x1 
 .rodata.str1.4
                0x0800ac54       0x67 CMakeFiles/px4io-v2.dir/px4io.c.obj
                                 0x68 (size before relaxing)
 *fill*         0x0800acbb        0x1 
 .rodata.r_page_config
                0x0800acbc       0x14 CMakeFiles/px4io-v2.dir/registers.c.obj
 .rodata.str1.4
                0x0800acd0       0x35 CMakeFiles/px4io-v2.dir/registers.c.obj
                                 0x38 (size before relaxing)
 *fill*         0x0800ad05        0x3 
 .rodata.str1.4
                0x0800ad08       0x63 CMakeFiles/px4io-v2.dir/mixer.cpp.obj
                                 0x64 (size before relaxing)
 *fill*         0x0800ad6b        0x5 
 .rodata._ZTV5Mixer
                0x0800ad70       0x18 CMakeFiles/px4io-v2.dir/__/systemlib/mixer/mixer.cpp.obj
                0x0800ad70                vtable for Mixer
 .rodata._ZTV9NullMixer
                0x0800ad88       0x18 CMakeFiles/px4io-v2.dir/__/systemlib/mixer/mixer.cpp.obj
                0x0800ad88                vtable for NullMixer
 .rodata._ZTV10MixerGroup
                0x0800ada0       0x18 CMakeFiles/px4io-v2.dir/__/systemlib/mixer/mixer_group.cpp.obj
                0x0800ada0                vtable for MixerGroup
 .rodata._ZN12_GLOBAL__N_1L13_config_tri_yE
                0x0800adb8       0x30 CMakeFiles/px4io-v2.dir/__/systemlib/mixer/mixer_multirotor.cpp.obj
 .rodata._ZN12_GLOBAL__N_1L19_config_twin_engineE
                0x0800ade8       0x20 CMakeFiles/px4io-v2.dir/__/systemlib/mixer/mixer_multirotor.cpp.obj
 .rodata._ZN12_GLOBAL__N_1L13_config_hex_xE
                0x0800ae08       0x60 CMakeFiles/px4io-v2.dir/__/systemlib/mixer/mixer_multirotor.cpp.obj
 .rodata._ZN12_GLOBAL__N_1L14_config_quad_hE
                0x0800ae68       0x40 CMakeFiles/px4io-v2.dir/__/systemlib/mixer/mixer_multirotor.cpp.obj
 .rodata._ZN12_GLOBAL__N_1L15_config_hex_coxE
                0x0800aea8       0x60 CMakeFiles/px4io-v2.dir/__/systemlib/mixer/mixer_multirotor.cpp.obj
 .rodata._ZN12_GLOBAL__N_1L14_config_octa_xE
                0x0800af08       0x80 CMakeFiles/px4io-v2.dir/__/systemlib/mixer/mixer_multirotor.cpp.obj
 .rodata._ZN12_GLOBAL__N_1L19_config_rotor_countE
                0x0800af88       0x3c CMakeFiles/px4io-v2.dir/__/systemlib/mixer/mixer_multirotor.cpp.obj
 .rodata._ZN12_GLOBAL__N_1L20_config_quad_deadcatE
                0x0800afc4       0x40 CMakeFiles/px4io-v2.dir/__/systemlib/mixer/mixer_multirotor.cpp.obj
 .rodata.str1.4
                0x0800b004       0x4b CMakeFiles/px4io-v2.dir/__/systemlib/mixer/mixer_multirotor.cpp.obj
                                 0x4c (size before relaxing)
 *fill*         0x0800b04f        0x1 
 .rodata._ZN12_GLOBAL__N_1L16_config_hex_plusE
                0x0800b050       0x60 CMakeFiles/px4io-v2.dir/__/systemlib/mixer/mixer_multirotor.cpp.obj
 .rodata._ZN12_GLOBAL__N_1L17_config_octa_plusE
                0x0800b0b0       0x80 CMakeFiles/px4io-v2.dir/__/systemlib/mixer/mixer_multirotor.cpp.obj
 .rodata._ZN12_GLOBAL__N_1L17_config_quad_plusE
                0x0800b130       0x40 CMakeFiles/px4io-v2.dir/__/systemlib/mixer/mixer_multirotor.cpp.obj
 .rodata._ZN12_GLOBAL__N_113_config_indexE
                0x0800b170       0x3c CMakeFiles/px4io-v2.dir/__/systemlib/mixer/mixer_multirotor.cpp.obj
 .rodata._ZN12_GLOBAL__N_1L17_config_quad_wideE
                0x0800b1ac       0x40 CMakeFiles/px4io-v2.dir/__/systemlib/mixer/mixer_multirotor.cpp.obj
 .rodata._ZN12_GLOBAL__N_1L21_config_octa_cox_wideE
                0x0800b1ec       0x80 CMakeFiles/px4io-v2.dir/__/systemlib/mixer/mixer_multirotor.cpp.obj
 .rodata._ZN12_GLOBAL__N_1L14_config_quad_vE
                0x0800b26c       0x40 CMakeFiles/px4io-v2.dir/__/systemlib/mixer/mixer_multirotor.cpp.obj
 .rodata._ZN12_GLOBAL__N_1L14_config_quad_xE
                0x0800b2ac       0x40 CMakeFiles/px4io-v2.dir/__/systemlib/mixer/mixer_multirotor.cpp.obj
 *fill*         0x0800b2ec        0x4 
 .rodata._ZTV15MultirotorMixer
                0x0800b2f0       0x18 CMakeFiles/px4io-v2.dir/__/systemlib/mixer/mixer_multirotor.cpp.obj
                0x0800b2f0                vtable for MultirotorMixer
 .rodata._ZN12_GLOBAL__N_1L16_config_octa_coxE
                0x0800b308       0x80 CMakeFiles/px4io-v2.dir/__/systemlib/mixer/mixer_multirotor.cpp.obj
 .rodata._ZTV11SimpleMixer
                0x0800b388       0x18 CMakeFiles/px4io-v2.dir/__/systemlib/mixer/mixer_simple.cpp.obj
                0x0800b388                vtable for SimpleMixer
 .rodata.str1.4
                0x0800b3a0       0x38 CMakeFiles/px4io-v2.dir/__/systemlib/mixer/mixer_simple.cpp.obj
 .rodata.str1.4
                0x0800b3d8      0x24c CMakeFiles/px4io-v2.dir/__/__/lib/rc/sumd.c.obj
 .rodata.sbus_decoder
                0x0800b624       0xc0 CMakeFiles/px4io-v2.dir/__/__/lib/rc/sbus.c.obj
 .rodata.masks.6836
                0x0800b6e4       0x1c CMakeFiles/px4io-v2.dir/__/__/lib/rc/dsm.c.obj
 .rodata.latency_buckets
                0x0800b700       0x10 CMakeFiles/px4io-v2.dir/__/__/drivers/stm32/drv_hrt.c.obj
                0x0800b700                latency_buckets
 .rodata.io_timers
                0x0800b710       0x80 CMakeFiles/px4io-v2.dir/__/__/drivers/boards/px4io-v2/px4io_timer_config.c.obj
                0x0800b710                io_timers
 .rodata.timer_io_channels
                0x0800b790       0x80 CMakeFiles/px4io-v2.dir/__/__/drivers/boards/px4io-v2/px4io_timer_config.c.obj
                0x0800b790                timer_io_channels
 .rodata.crc8_tab
                0x0800b810      0x100 CMakeFiles/px4io-v2.dir/serial.c.obj
 .rodata.str1.1
                0x0800b910       0x14 /home/pgp/src/Firmware/build_px4fmu-v2_default/px4io-v2/NuttX/nuttx-export/libs/libnuttx.a(sched-irq_unexpectedisr.o)
 .rodata.crc32_tab
                0x0800b924      0x400 /home/pgp/src/Firmware/build_px4fmu-v2_default/px4io-v2/NuttX/nuttx-export/libs/libnuttx.a(c-lib_crc32.o)
 .rodata.str1.1
                0x0800bd24       0x14 /home/pgp/src/Firmware/build_px4fmu-v2_default/px4io-v2/NuttX/nuttx-export/libs/libnuttx.a(c-lib_sscanf.o)
 .rodata.spaces
                0x0800bd38        0x7 /home/pgp/src/Firmware/build_px4fmu-v2_default/px4io-v2/NuttX/nuttx-export/libs/libnuttx.a(c-lib_sscanf.o)
 .rodata.str1.1
                0x0800bd3f        0x9 /home/pgp/src/Firmware/build_px4fmu-v2_default/px4io-v2/NuttX/nuttx-export/libs/libnuttx.a(mm-mm_sem.o)
 .rodata.str1.1
                0x0800bd48       0x17 /home/pgp/src/Firmware/build_px4fmu-v2_default/px4io-v2/NuttX/nuttx-export/libs/libnuttx.a(arch-stm32_dma.o)
 *fill*         0x0800bd5f        0x1 
 .rodata.g_gpiobase
                0x0800bd60       0x10 /home/pgp/src/Firmware/build_px4fmu-v2_default/px4io-v2/NuttX/nuttx-export/libs/libnuttx.a(arch-stm32_gpio.o)
                0x0800bd60                g_gpiobase
 .rodata.str1.1
                0x0800bd70       0x23 /home/pgp/src/Firmware/build_px4fmu-v2_default/px4io-v2/NuttX/nuttx-export/libs/libnuttx.a(arch-stm32_serial.o)
 *fill*         0x0800bd93        0x1 
 .rodata.uart_devs
                0x0800bd94        0xc /home/pgp/src/Firmware/build_px4fmu-v2_default/px4io-v2/NuttX/nuttx-export/libs/libnuttx.a(arch-stm32_serial.o)
 .rodata.g_uart_ops
                0x0800bda0       0x34 /home/pgp/src/Firmware/build_px4fmu-v2_default/px4io-v2/NuttX/nuttx-export/libs/libnuttx.a(arch-stm32_serial.o)
 .rodata.g_uart_dma_ops
                0x0800bdd4       0x34 /home/pgp/src/Firmware/build_px4fmu-v2_default/px4io-v2/NuttX/nuttx-export/libs/libnuttx.a(arch-stm32_serial.o)
 .rodata.str1.1
                0x0800be08      0x160 /home/pgp/src/Firmware/build_px4fmu-v2_default/px4io-v2/NuttX/nuttx-export/libs/libnuttx.a(arch-up_assert.o)
 .rodata.str1.1
                0x0800bf68       0x17 /home/pgp/src/Firmware/build_px4fmu-v2_default/px4io-v2/NuttX/nuttx-export/libs/libnuttx.a(arch-up_hardfault.o)
 .rodata.str1.1
                0x0800bf7f       0x19 /home/pgp/src/Firmware/build_px4fmu-v2_default/px4io-v2/NuttX/nuttx-export/libs/libnuttx.a(cxx-libxx_cxapurevirtual.o)
 .rodata.str1.1
                0x0800bf98       0x10 /home/pgp/src/Firmware/build_px4fmu-v2_default/px4io-v2/NuttX/nuttx-export/libs/libnuttx.a(drivers-serial.o)
 .rodata.g_serialops
                0x0800bfa8       0x18 /home/pgp/src/Firmware/build_px4fmu-v2_default/px4io-v2/NuttX/nuttx-export/libs/libnuttx.a(drivers-serial.o)
 .rodata.g_idlename
                0x0800bfc0        0xa /home/pgp/src/Firmware/build_px4fmu-v2_default/px4io-v2/NuttX/nuttx-export/libs/libnuttx.a(sched-os_start.o)
 *fill*         0x0800bfca        0x2 
 .rodata.g_tasklisttable
                0x0800bfcc       0x30 /home/pgp/src/Firmware/build_px4fmu-v2_default/px4io-v2/NuttX/nuttx-export/libs/libnuttx.a(sched-os_start.o)
                0x0800bfcc                g_tasklisttable
 .rodata.str1.1
                0x0800bffc        0xb /home/pgp/src/Firmware/build_px4fmu-v2_default/px4io-v2/NuttX/nuttx-export/libs/libnuttx.a(sched-sem_post.o)
 .rodata.str1.1
                0x0800c007        0xb /home/pgp/src/Firmware/build_px4fmu-v2_default/px4io-v2/NuttX/nuttx-export/libs/libnuttx.a(sched-sem_wait.o)
 .rodata.str1.1
                0x0800c012        0xc /home/pgp/src/Firmware/build_px4fmu-v2_default/px4io-v2/NuttX/nuttx-export/libs/libnuttx.a(sched-wd_cancel.o)
 .rodata.g_nullstring
                0x0800c01e        0x7 /home/pgp/src/Firmware/build_px4fmu-v2_default/px4io-v2/NuttX/nuttx-export/libs/libnuttx.a(c-lib_libvsprintf.o)
 .rodata.str1.1
                0x0800c025       0x1c /home/pgp/src/Firmware/build_px4fmu-v2_default/px4io-v2/NuttX/nuttx-export/libs/libnuttx.a(c-lib_libvsprintf.o)
 .rodata        0x0800c041        0x4 /home/pgp/src/Firmware/build_px4fmu-v2_default/px4io-v2/NuttX/nuttx-export/libs/libnuttx.a(arch-stm32_vectors.o)
                0x0800c041                g_idle_topstack
 .rodata.str1.1
                0x0800c045       0x17 /home/pgp/src/Firmware/build_px4fmu-v2_default/px4io-v2/NuttX/nuttx-export/libs/libnuttx.a(arch-up_blocktask.o)
 .rodata.str1.1
                0x0800c05c       0x19 /home/pgp/src/Firmware/build_px4fmu-v2_default/px4io-v2/NuttX/nuttx-export/libs/libnuttx.a(arch-up_unblocktask.o)
 .rodata.str1.1
                0x0800c075        0xb /home/pgp/src/Firmware/build_px4fmu-v2_default/px4io-v2/NuttX/nuttx-export/libs/libnuttx.a(fs-fs_files.o)
 .rodata.str1.1
                0x0800c080        0xb /home/pgp/src/Firmware/build_px4fmu-v2_default/px4io-v2/NuttX/nuttx-export/libs/libnuttx.a(fs-fs_inode.o)
 .rodata.str1.1
                0x00000000        0xd /home/pgp/src/Firmware/build_px4fmu-v2_default/px4io-v2/NuttX/nuttx-export/libs/libnuttx.a(sched-group_setupidlefiles.o)
 .rodata.str1.1
                0x0800c08b       0x12 /home/pgp/src/Firmware/build_px4fmu-v2_default/px4io-v2/NuttX/nuttx-export/libs/libnuttx.a(sched-os_bringup.o)
 .rodata.str1.1
                0x0800c09d       0x13 /home/pgp/src/Firmware/build_px4fmu-v2_default/px4io-v2/NuttX/nuttx-export/libs/libnuttx.a(sched-sched_addblocked.o)
 .rodata.str1.1
                0x0800c0b0       0x17 /home/pgp/src/Firmware/build_px4fmu-v2_default/px4io-v2/NuttX/nuttx-export/libs/libnuttx.a(sched-sched_addprioritized.o)
 .rodata.str1.1
                0x0800c0c7       0x16 /home/pgp/src/Firmware/build_px4fmu-v2_default/px4io-v2/NuttX/nuttx-export/libs/libnuttx.a(sched-sched_addreadytorun.o)
 .rodata.str1.1
                0x0800c0dd       0x15 /home/pgp/src/Firmware/build_px4fmu-v2_default/px4io-v2/NuttX/nuttx-export/libs/libnuttx.a(sched-sched_mergepending.o)
 .rodata.str1.1
                0x0800c0f2       0x16 /home/pgp/src/Firmware/build_px4fmu-v2_default/px4io-v2/NuttX/nuttx-export/libs/libnuttx.a(sched-sched_removeblocked.o)
 .rodata.str1.1
                0x0800c108       0x19 /home/pgp/src/Firmware/build_px4fmu-v2_default/px4io-v2/NuttX/nuttx-export/libs/libnuttx.a(sched-sched_removereadytorun.o)
 .rodata.g_noname
                0x0800c121        0x9 /home/pgp/src/Firmware/build_px4fmu-v2_default/px4io-v2/NuttX/nuttx-export/libs/libnuttx.a(sched-task_setup.o)
 .rodata.str1.1
                0x0800c12a       0x11 /home/pgp/src/Firmware/build_px4fmu-v2_default/px4io-v2/NuttX/nuttx-export/libs/libnuttx.a(sched-task_terminate.o)
 .rodata.str1.1
                0x0800c13b        0xd /home/pgp/src/Firmware/build_px4fmu-v2_default/px4io-v2/NuttX/nuttx-export/libs/libnuttx.a(sched-sched_lock.o)
 *(.gnu.linkonce.t.*)
 *(.glue_7)
 .glue_7        0x00000000        0x0 linker stubs
 *(.glue_7t)
 .glue_7t       0x00000000        0x0 linker stubs
 *(.got)
 *(.gcc_except_table)
 *(.gnu.linkonce.r.*)
                0x0800c148                _etext = ABSOLUTE (.)
                0x08008264                __errno = get_errno_ptr

.vfp11_veneer   0x0800c148        0x0
 .vfp11_veneer  0x00000000        0x0 linker stubs

.v4_bx          0x0800c148        0x0
 .v4_bx         0x00000000        0x0 linker stubs

.iplt           0x0800c148        0x0
 .iplt          0x00000000        0x0 CMakeFiles/px4io-v2.dir/adc.c.obj

.init_section   0x0800c148        0x4
                0x0800c148                _sinit = ABSOLUTE (.)
 *(.init_array .init_array.*)
 .init_array    0x0800c148        0x4 CMakeFiles/px4io-v2.dir/mixer.cpp.obj
                0x0800c14c                _einit = ABSOLUTE (.)

.ARM.extab
 *(.ARM.extab*)
                0x0800c14c                __exidx_start = ABSOLUTE (.)

.ARM.exidx      0x0800c14c        0x8
 *(.ARM.exidx*)
 .ARM.exidx     0x0800c14c        0x8 /opt/gcc-arm-none-eabi-4_8-2014q3/bin/../lib/gcc/arm-none-eabi/4.8.4/armv7-m/libgcc.a(_divdi3.o)
 .ARM.exidx     0x0800c154        0x0 /opt/gcc-arm-none-eabi-4_8-2014q3/bin/../lib/gcc/arm-none-eabi/4.8.4/armv7-m/libgcc.a(_udivdi3.o)
                                  0x8 (size before relaxing)
                0x0800c154                __exidx_end = ABSOLUTE (.)
                0x0800c154                _eronly = ABSOLUTE (.)

.rel.dyn        0x0800c154        0x0
 .rel.iplt      0x00000000        0x0 CMakeFiles/px4io-v2.dir/adc.c.obj

.data           0x20000000      0x21c load address 0x0800c154
                0x20000000                _sdata = ABSOLUTE (.)
 *(.data .data.*)
 .data._dsm_fd  0x20000000        0x4 CMakeFiles/px4io-v2.dir/controls.c.obj
 .data._sbus_fd
                0x20000004        0x4 CMakeFiles/px4io-v2.dir/controls.c.obj
                0x20000004                _sbus_fd
 .data.brightness.7152
                0x20000008        0x4 CMakeFiles/px4io-v2.dir/px4io.c.obj
 .data.r_page_servo_control_min
                0x2000000c       0x10 CMakeFiles/px4io-v2.dir/registers.c.obj
                0x2000000c                r_page_servo_control_min
 .data.r_page_servo_control_max
                0x2000001c       0x10 CMakeFiles/px4io-v2.dir/registers.c.obj
                0x2000001c                r_page_servo_control_max
 .data.r_page_setup
                0x2000002c       0x28 CMakeFiles/px4io-v2.dir/registers.c.obj
                0x2000002c                r_page_setup
 .data._sumd    0x20000054        0x1 CMakeFiles/px4io-v2.dir/__/__/lib/rc/sumd.c.obj
                0x20000054                _sumd
 *fill*         0x20000055        0x3 
 .data.sbus1_frame_delay
                0x20000058        0x4 CMakeFiles/px4io-v2.dir/__/__/lib/rc/sbus.c.obj
 .data.sbus_decode_state
                0x2000005c        0x2 CMakeFiles/px4io-v2.dir/__/__/lib/rc/sbus.c.obj
 *fill*         0x2000005e        0x2 
 .data.dsm_fd   0x20000060        0x4 CMakeFiles/px4io-v2.dir/__/__/lib/rc/dsm.c.obj
 .data.channel_allocations
                0x20000064        0x4 CMakeFiles/px4io-v2.dir/__/__/drivers/stm32/drv_io_timer.c.obj
                0x20000064                channel_allocations
 .data.g_dma    0x20000068       0x70 /home/pgp/src/Firmware/build_px4fmu-v2_default/px4io-v2/NuttX/nuttx-export/libs/libnuttx.a(arch-stm32_dma.o)
 .data.g_usart1priv
                0x200000d8       0x6c /home/pgp/src/Firmware/build_px4fmu-v2_default/px4io-v2/NuttX/nuttx-export/libs/libnuttx.a(arch-stm32_serial.o)
 .data.g_usart2priv
                0x20000144       0x6c /home/pgp/src/Firmware/build_px4fmu-v2_default/px4io-v2/NuttX/nuttx-export/libs/libnuttx.a(arch-stm32_serial.o)
 .data.g_usart3priv
                0x200001b0       0x6c /home/pgp/src/Firmware/build_px4fmu-v2_default/px4io-v2/NuttX/nuttx-export/libs/libnuttx.a(arch-stm32_serial.o)
 *(.gnu.linkonce.d.*)
                0x2000021c                _edata = ABSOLUTE (.)
                0x2000021c                . = ALIGN (0x4)

.igot.plt       0x2000021c        0x0 load address 0x0800c370
 .igot.plt      0x00000000        0x0 CMakeFiles/px4io-v2.dir/adc.c.obj

.bss            0x20000220      0xb62 load address 0x0800c370
                0x20000220                _sbss = ABSOLUTE (.)
 *(.bss .bss.*)
 .bss.adc_perf  0x20000220        0x4 CMakeFiles/px4io-v2.dir/adc.c.obj
                0x20000220                adc_perf
 .bss.c_gather_dsm
                0x20000224        0x4 CMakeFiles/px4io-v2.dir/controls.c.obj
 .bss._rssi_adc_counts
                0x20000228        0x4 CMakeFiles/px4io-v2.dir/controls.c.obj
 .bss.c_gather_ppm
                0x2000022c        0x4 CMakeFiles/px4io-v2.dir/controls.c.obj
 .bss.rc_value_override
                0x20000230        0x2 CMakeFiles/px4io-v2.dir/controls.c.obj
 *fill*         0x20000232        0x2 
 .bss.c_gather_sbus
                0x20000234        0x4 CMakeFiles/px4io-v2.dir/controls.c.obj
 .bss.last_msg_counter
                0x20000238        0x4 CMakeFiles/px4io-v2.dir/px4io.c.obj